READ-BAR check: ISSUE_PCLK=3 -> 533.33 MB/s at 100 MHz pclk, 16 B/cmd
TB-ROW-START
TB-ROW-RESET-RELEASED t=60000
DDR3-CMD t=126351 {nRAS,nCAS,nWE}=111 ba=0 a=0000
DDR3-CMD t=128853 {nRAS,nCAS,nWE}=111 ba=0 a=0000
DDR3-CMD t=131355 {nRAS,nCAS,nWE}=111 ba=0 a=0000
DDR3-CMD t=133857 {nRAS,nCAS,nWE}=111 ba=0 a=0000
DDR3-CMD t=136359 {nRAS,nCAS,nWE}=111 ba=0 a=0000
DDR3-CMD t=138861 {nRAS,nCAS,nWE}=111 ba=0 a=0000
DDR3-CMD t=141363 {nRAS,nCAS,nWE}=111 ba=0 a=0000
DDR3-CMD t=143865 {nRAS,nCAS,nWE}=111 ba=0 a=0000
DDR3-CMD t=146367 {nRAS,nCAS,nWE}=111 ba=0 a=0000
DDR3-CMD t=148869 {nRAS,nCAS,nWE}=111 ba=0 a=0000
DDR3-CMD t=151371 {nRAS,nCAS,nWE}=111 ba=0 a=0000
DDR3-CMD t=153873 {nRAS,nCAS,nWE}=111 ba=0 a=0000
DDR3-CMD t=156375 {nRAS,nCAS,nWE}=111 ba=0 a=0000
DDR3-CMD t=158877 {nRAS,nCAS,nWE}=111 ba=0 a=0000
DDR3-CMD t=161379 {nRAS,nCAS,nWE}=111 ba=0 a=0000
DDR3-CMD t=163881 {nRAS,nCAS,nWE}=111 ba=0 a=0000
DDR3-CMD t=166383 {nRAS,nCAS,nWE}=111 ba=0 a=0000
DDR3-CMD t=168885 {nRAS,nCAS,nWE}=111 ba=0 a=0000
DDR3-CMD t=171387 {nRAS,nCAS,nWE}=111 ba=0 a=0000
DDR3-CMD t=173889 {nRAS,nCAS,nWE}=111 ba=0 a=0000
DDR3-CMD t=176391 {nRAS,nCAS,nWE}=111 ba=0 a=0000
DDR3-CMD t=178893 {nRAS,nCAS,nWE}=111 ba=0 a=0000
DDR3-CMD t=181395 {nRAS,nCAS,nWE}=111 ba=0 a=0000
DDR3-CMD t=183897 {nRAS,nCAS,nWE}=111 ba=0 a=0000
DDR3-CMD t=186399 {nRAS,nCAS,nWE}=111 ba=0 a=0000
DDR3-CMD t=188901 {nRAS,nCAS,nWE}=111 ba=0 a=0000
DDR3-CMD t=191403 {nRAS,nCAS,nWE}=111 ba=0 a=0000
DDR3-CMD t=193905 {nRAS,nCAS,nWE}=111 ba=0 a=0000
DDR3-CMD t=196407 {nRAS,nCAS,nWE}=111 ba=0 a=0000
DDR3-CMD t=198909 {nRAS,nCAS,nWE}=111 ba=0 a=0000
DDR3-CMD t=201411 {nRAS,nCAS,nWE}=111 ba=0 a=0000
DDR3-CMD t=203913 {nRAS,nCAS,nWE}=111 ba=0 a=0000
DDR3-CMD t=206415 {nRAS,nCAS,nWE}=111 ba=0 a=0000
DDR3-CMD t=208917 {nRAS,nCAS,nWE}=111 ba=0 a=0000
DDR3-CMD t=211419 {nRAS,nCAS,nWE}=111 ba=0 a=0000
DDR3-CMD t=213921 {nRAS,nCAS,nWE}=111 ba=0 a=0000
DDR3-CMD t=216423 {nRAS,nCAS,nWE}=111 ba=0 a=0000
DDR3-CMD t=218925 {nRAS,nCAS,nWE}=111 ba=0 a=0000
DDR3-CMD t=221427 {nRAS,nCAS,nWE}=111 ba=0 a=0000
DDR3-CMD t=223929 {nRAS,nCAS,nWE}=111 ba=0 a=0000
DDR3-CMD t=226431 {nRAS,nCAS,nWE}=111 ba=0 a=0000
DDR3-CMD t=228933 {nRAS,nCAS,nWE}=111 ba=0 a=0000
DDR3-CMD t=231435 {nRAS,nCAS,nWE}=111 ba=0 a=0000
DDR3-CMD t=233937 {nRAS,nCAS,nWE}=111 ba=0 a=0000
DDR3-CMD t=236439 {nRAS,nCAS,nWE}=111 ba=0 a=0000
DDR3-CMD t=238941 {nRAS,nCAS,nWE}=111 ba=0 a=0000
DDR3-CMD t=241443 {nRAS,nCAS,nWE}=111 ba=0 a=0000
DDR3-CMD t=243945 {nRAS,nCAS,nWE}=111 ba=0 a=0000
DDR3-CMD t=246447 {nRAS,nCAS,nWE}=111 ba=0 a=0000
DDR3-CMD t=248949 {nRAS,nCAS,nWE}=111 ba=0 a=0000
DDR3-CMD t=251451 {nRAS,nCAS,nWE}=111 ba=0 a=0000
DDR3-CMD t=253953 {nRAS,nCAS,nWE}=111 ba=0 a=0000
DDR3-CMD t=256455 {nRAS,nCAS,nWE}=111 ba=0 a=0000
DDR3-CMD t=258957 {nRAS,nCAS,nWE}=111 ba=0 a=0000
DDR3-CMD t=261459 {nRAS,nCAS,nWE}=111 ba=0 a=0000
DDR3-CMD t=263961 {nRAS,nCAS,nWE}=111 ba=0 a=0000
DDR3-CMD t=266463 {nRAS,nCAS,nWE}=111 ba=0 a=0000
DDR3-CMD t=268965 {nRAS,nCAS,nWE}=111 ba=0 a=0000
DDR3-CMD t=271467 {nRAS,nCAS,nWE}=111 ba=0 a=0000
DDR3-CMD t=273969 {nRAS,nCAS,nWE}=111 ba=0 a=0000
DDR3-CMD t=276471 {nRAS,nCAS,nWE}=111 ba=0 a=0000
DDR3-CMD t=278973 {nRAS,nCAS,nWE}=111 ba=0 a=0000
DDR3-CMD t=281475 {nRAS,nCAS,nWE}=111 ba=0 a=0000
DDR3-CMD t=283977 {nRAS,nCAS,nWE}=111 ba=0 a=0000
DDR3-CMD t=286479 {nRAS,nCAS,nWE}=111 ba=0 a=0000
DDR3-CMD t=288981 {nRAS,nCAS,nWE}=111 ba=0 a=0000
DDR3-CMD t=291483 {nRAS,nCAS,nWE}=000 ba=2 a=0000
DDR3-CMD t=293985 {nRAS,nCAS,nWE}=111 ba=0 a=0000
DDR3-CMD t=296487 {nRAS,nCAS,nWE}=111 ba=0 a=0000
DDR3-CMD t=298989 {nRAS,nCAS,nWE}=111 ba=0 a=0000
DDR3-CMD t=301491 {nRAS,nCAS,nWE}=111 ba=0 a=0000
DDR3-CMD t=303993 {nRAS,nCAS,nWE}=111 ba=0 a=0000
DDR3-CMD t=306495 {nRAS,nCAS,nWE}=111 ba=0 a=0000
DDR3-CMD t=308997 {nRAS,nCAS,nWE}=111 ba=0 a=0000
DDR3-CMD t=311499 {nRAS,nCAS,nWE}=000 ba=3 a=0000
DDR3-CMD t=314001 {nRAS,nCAS,nWE}=111 ba=0 a=0000
DDR3-CMD t=316503 {nRAS,nCAS,nWE}=111 ba=0 a=0000
DDR3-CMD t=319005 {nRAS,nCAS,nWE}=111 ba=0 a=0000
DDR3-CMD t=321507 {nRAS,nCAS,nWE}=111 ba=0 a=0000
DDR3-CMD t=324009 {nRAS,nCAS,nWE}=111 ba=0 a=0000
DDR3-CMD t=326511 {nRAS,nCAS,nWE}=111 ba=0 a=0000
DDR3-CMD t=329013 {nRAS,nCAS,nWE}=111 ba=0 a=0000
DDR3-CMD t=331515 {nRAS,nCAS,nWE}=000 ba=1 a=0000
DDR3-CMD t=334017 {nRAS,nCAS,nWE}=111 ba=0 a=0000
DDR3-CMD t=336519 {nRAS,nCAS,nWE}=111 ba=0 a=0000
DDR3-CMD t=339021 {nRAS,nCAS,nWE}=111 ba=0 a=0000
DDR3-CMD t=341523 {nRAS,nCAS,nWE}=111 ba=0 a=0000
DDR3-CMD t=344025 {nRAS,nCAS,nWE}=111 ba=0 a=0000
DDR3-CMD t=346527 {nRAS,nCAS,nWE}=111 ba=0 a=0000
DDR3-CMD t=349029 {nRAS,nCAS,nWE}=111 ba=0 a=0000
DDR3-CMD t=351531 {nRAS,nCAS,nWE}=000 ba=0 a=0521
DDR3-CMD t=354033 {nRAS,nCAS,nWE}=111 ba=0 a=0000
DDR3-CMD t=356535 {nRAS,nCAS,nWE}=111 ba=0 a=0000
DDR3-CMD t=359037 {nRAS,nCAS,nWE}=111 ba=0 a=0000
DDR3-CMD t=361539 {nRAS,nCAS,nWE}=111 ba=0 a=0000
DDR3-CMD t=364041 {nRAS,nCAS,nWE}=111 ba=0 a=0000
DDR3-CMD t=366543 {nRAS,nCAS,nWE}=111 ba=0 a=0000
DDR3-CMD t=369045 {nRAS,nCAS,nWE}=111 ba=0 a=0000
DDR3-CMD t=371547 {nRAS,nCAS,nWE}=111 ba=0 a=0000
DDR3-CMD t=374049 {nRAS,nCAS,nWE}=111 ba=0 a=0000
DDR3-CMD t=376551 {nRAS,nCAS,nWE}=111 ba=0 a=0000
DDR3-CMD t=379053 {nRAS,nCAS,nWE}=111 ba=0 a=0000
DDR3-CMD t=381555 {nRAS,nCAS,nWE}=111 ba=0 a=0000
DDR3-CMD t=384057 {nRAS,nCAS,nWE}=111 ba=0 a=0000
DDR3-CMD t=386559 {nRAS,nCAS,nWE}=111 ba=0 a=0000
DDR3-CMD t=389061 {nRAS,nCAS,nWE}=111 ba=0 a=0000
DDR3-CMD t=391563 {nRAS,nCAS,nWE}=110 ba=0 a=0400
DDR3-CMD t=394065 {nRAS,nCAS,nWE}=111 ba=0 a=0000
DDR3-CMD t=396567 {nRAS,nCAS,nWE}=111 ba=0 a=0000
DDR3-CMD t=399069 {nRAS,nCAS,nWE}=111 ba=0 a=0000
DDR3-CMD t=401571 {nRAS,nCAS,nWE}=111 ba=0 a=0000
DDR3-CMD t=404073 {nRAS,nCAS,nWE}=111 ba=0 a=0000
DDR3-CMD t=406575 {nRAS,nCAS,nWE}=111 ba=0 a=0000
DDR3-CMD t=409077 {nRAS,nCAS,nWE}=111 ba=0 a=0000
DDR3-CMD t=411579 {nRAS,nCAS,nWE}=111 ba=0 a=0000
DDR3-CMD t=414081 {nRAS,nCAS,nWE}=111 ba=0 a=0000
DDR3-CMD t=416583 {nRAS,nCAS,nWE}=111 ba=0 a=0000
DDR3-CMD t=419085 {nRAS,nCAS,nWE}=111 ba=0 a=0000
DDR3-CMD t=421587 {nRAS,nCAS,nWE}=111 ba=0 a=0000
DDR3-CMD t=424089 {nRAS,nCAS,nWE}=111 ba=0 a=0000
Entering WRITE LEVELING
DDR3-CMD t=426591 {nRAS,nCAS,nWE}=111 ba=0 a=0000
DDR3-CMD t=429093 {nRAS,nCAS,nWE}=111 ba=0 a=0000
DDR3-CMD t=431595 {nRAS,nCAS,nWE}=000 ba=1 a=0084
DDR3-CMD t=434097 {nRAS,nCAS,nWE}=111 ba=0 a=0000
DDR3-CMD t=436599 {nRAS,nCAS,nWE}=111 ba=0 a=0000
DDR3-CMD t=439101 {nRAS,nCAS,nWE}=111 ba=0 a=0000
DDR3-CMD t=441603 {nRAS,nCAS,nWE}=111 ba=0 a=0000
DDR3-CMD t=444105 {nRAS,nCAS,nWE}=111 ba=0 a=0000
DDR3-CMD t=446607 {nRAS,nCAS,nWE}=111 ba=0 a=0000
DDR3-CMD t=449109 {nRAS,nCAS,nWE}=111 ba=0 a=0000
DDR3-CMD t=451611 {nRAS,nCAS,nWE}=111 ba=0 a=0000
DDR3-CMD t=454113 {nRAS,nCAS,nWE}=111 ba=0 a=0000
DDR3-CMD t=456615 {nRAS,nCAS,nWE}=111 ba=0 a=0000
DDR3-CMD t=459117 {nRAS,nCAS,nWE}=111 ba=0 a=0000
DDR3-CMD t=461619 {nRAS,nCAS,nWE}=111 ba=0 a=0000
DDR3-CMD t=464121 {nRAS,nCAS,nWE}=111 ba=0 a=0000
DDR3-CMD t=466623 {nRAS,nCAS,nWE}=111 ba=0 a=0000
DDR3-CMD t=469125 {nRAS,nCAS,nWE}=111 ba=0 a=0000
DDR3-CMD t=471627 {nRAS,nCAS,nWE}=111 ba=0 a=0000
DDR3-CMD t=474129 {nRAS,nCAS,nWE}=111 ba=0 a=0000
DDR3-CMD t=476631 {nRAS,nCAS,nWE}=111 ba=0 a=0000
DDR3-CMD t=479133 {nRAS,nCAS,nWE}=111 ba=0 a=0000
DDR3-CMD t=481635 {nRAS,nCAS,nWE}=111 ba=0 a=0000
DDR3-CMD t=484137 {nRAS,nCAS,nWE}=111 ba=0 a=0000
DDR3-CMD t=486639 {nRAS,nCAS,nWE}=111 ba=0 a=0000
DDR3-CMD t=489141 {nRAS,nCAS,nWE}=111 ba=0 a=0000
DDR3-CMD t=491643 {nRAS,nCAS,nWE}=111 ba=0 a=0000
DDR3-CMD t=494145 {nRAS,nCAS,nWE}=111 ba=0 a=0000
DDR3-CMD t=496647 {nRAS,nCAS,nWE}=111 ba=0 a=0000
DDR3-CMD t=499149 {nRAS,nCAS,nWE}=111 ba=0 a=0000
DDR3-CMD t=501651 {nRAS,nCAS,nWE}=111 ba=0 a=0000
DDR3-CMD t=504153 {nRAS,nCAS,nWE}=111 ba=0 a=0000
DDR3-CMD t=506655 {nRAS,nCAS,nWE}=111 ba=0 a=0000
DDR3-CMD t=509157 {nRAS,nCAS,nWE}=111 ba=0 a=0000
DDR3-CMD t=511659 {nRAS,nCAS,nWE}=111 ba=0 a=0000
DDR3-CMD t=514161 {nRAS,nCAS,nWE}=111 ba=0 a=0000
DDR3-CMD t=516663 {nRAS,nCAS,nWE}=111 ba=0 a=0000
DDR3-CMD t=519165 {nRAS,nCAS,nWE}=111 ba=0 a=0000
DDR3-CMD t=521667 {nRAS,nCAS,nWE}=111 ba=0 a=0000
DDR3-CMD t=524169 {nRAS,nCAS,nWE}=111 ba=0 a=0000
DDR3-CMD t=526671 {nRAS,nCAS,nWE}=111 ba=0 a=0000
DDR3-CMD t=529173 {nRAS,nCAS,nWE}=111 ba=0 a=0000
DDR3-CMD t=531675 {nRAS,nCAS,nWE}=111 ba=0 a=0000
DDR3-CMD t=534177 {nRAS,nCAS,nWE}=111 ba=0 a=0000
wstep= 24
DDR3-CMD t=536679 {nRAS,nCAS,nWE}=111 ba=0 a=0000
DDR3-CMD t=539181 {nRAS,nCAS,nWE}=111 ba=0 a=0000
DDR3-CMD t=541683 {nRAS,nCAS,nWE}=111 ba=0 a=0000
DDR3-CMD t=544185 {nRAS,nCAS,nWE}=111 ba=0 a=0000
DDR3-CMD t=546687 {nRAS,nCAS,nWE}=111 ba=0 a=0000
DDR3-CMD t=549189 {nRAS,nCAS,nWE}=111 ba=0 a=0000
DDR3-CMD t=551691 {nRAS,nCAS,nWE}=111 ba=0 a=0000
DDR3-CMD t=554193 {nRAS,nCAS,nWE}=111 ba=0 a=0000
DDR3-CMD t=556695 {nRAS,nCAS,nWE}=111 ba=0 a=0000
DDR3-CMD t=559197 {nRAS,nCAS,nWE}=111 ba=0 a=0000
DDR3-CMD t=561699 {nRAS,nCAS,nWE}=111 ba=0 a=0000
DDR3-CMD t=564201 {nRAS,nCAS,nWE}=111 ba=0 a=0000
DDR3-CMD t=566703 {nRAS,nCAS,nWE}=111 ba=0 a=0000
DDR3-CMD t=569205 {nRAS,nCAS,nWE}=111 ba=0 a=0000
DDR3-CMD t=571707 {nRAS,nCAS,nWE}=111 ba=0 a=0000
DDR3-CMD t=574209 {nRAS,nCAS,nWE}=111 ba=0 a=0000
DDR3-CMD t=576711 {nRAS,nCAS,nWE}=111 ba=0 a=0000
DDR3-CMD t=579213 {nRAS,nCAS,nWE}=111 ba=0 a=0000
DDR3-CMD t=581715 {nRAS,nCAS,nWE}=111 ba=0 a=0000
DDR3-CMD t=584217 {nRAS,nCAS,nWE}=111 ba=0 a=0000
DDR3-CMD t=586719 {nRAS,nCAS,nWE}=111 ba=0 a=0000
DDR3-CMD t=589221 {nRAS,nCAS,nWE}=111 ba=0 a=0000
DDR3-CMD t=591723 {nRAS,nCAS,nWE}=111 ba=0 a=0000
DDR3-CMD t=594225 {nRAS,nCAS,nWE}=111 ba=0 a=0000
DDR3-CMD t=596727 {nRAS,nCAS,nWE}=111 ba=0 a=0000
DDR3-CMD t=599229 {nRAS,nCAS,nWE}=111 ba=0 a=0000
DDR3-CMD t=601731 {nRAS,nCAS,nWE}=111 ba=0 a=0000
DDR3-CMD t=604233 {nRAS,nCAS,nWE}=111 ba=0 a=0000
DDR3-CMD t=606735 {nRAS,nCAS,nWE}=111 ba=0 a=0000
DDR3-CMD t=609237 {nRAS,nCAS,nWE}=111 ba=0 a=0000
DDR3-CMD t=611739 {nRAS,nCAS,nWE}=111 ba=0 a=0000
DDR3-CMD t=614241 {nRAS,nCAS,nWE}=111 ba=0 a=0000
wstep= 24
DDR3-CMD t=616743 {nRAS,nCAS,nWE}=111 ba=0 a=0000
DDR3-CMD t=619245 {nRAS,nCAS,nWE}=111 ba=0 a=0000
DDR3-CMD t=621747 {nRAS,nCAS,nWE}=111 ba=0 a=0000
DDR3-CMD t=624249 {nRAS,nCAS,nWE}=111 ba=0 a=0000
DDR3-CMD t=626751 {nRAS,nCAS,nWE}=111 ba=0 a=0000
DDR3-CMD t=629253 {nRAS,nCAS,nWE}=111 ba=0 a=0000
DDR3-CMD t=631755 {nRAS,nCAS,nWE}=111 ba=0 a=0000
DDR3-CMD t=634257 {nRAS,nCAS,nWE}=111 ba=0 a=0000
DDR3-CMD t=636759 {nRAS,nCAS,nWE}=111 ba=0 a=0000
DDR3-CMD t=639261 {nRAS,nCAS,nWE}=111 ba=0 a=0000
DDR3-CMD t=641763 {nRAS,nCAS,nWE}=111 ba=0 a=0000
DDR3-CMD t=644265 {nRAS,nCAS,nWE}=111 ba=0 a=0000
DDR3-CMD t=646767 {nRAS,nCAS,nWE}=111 ba=0 a=0000
DDR3-CMD t=649269 {nRAS,nCAS,nWE}=111 ba=0 a=0000
DDR3-CMD t=651771 {nRAS,nCAS,nWE}=111 ba=0 a=0000
DDR3-CMD t=654273 {nRAS,nCAS,nWE}=111 ba=0 a=0000
DDR3-CMD t=656775 {nRAS,nCAS,nWE}=111 ba=0 a=0000
DDR3-CMD t=659277 {nRAS,nCAS,nWE}=111 ba=0 a=0000
DDR3-CMD t=661779 {nRAS,nCAS,nWE}=111 ba=0 a=0000
DDR3-CMD t=664281 {nRAS,nCAS,nWE}=111 ba=0 a=0000
DDR3-CMD t=666783 {nRAS,nCAS,nWE}=111 ba=0 a=0000
DDR3-CMD t=669285 {nRAS,nCAS,nWE}=111 ba=0 a=0000
DDR3-CMD t=671787 {nRAS,nCAS,nWE}=111 ba=0 a=0000
DDR3-CMD t=674289 {nRAS,nCAS,nWE}=111 ba=0 a=0000
Write leveling process finished.
DDR3-CMD t=676791 {nRAS,nCAS,nWE}=111 ba=0 a=0000
DDR3-CMD t=679293 {nRAS,nCAS,nWE}=111 ba=0 a=0000
DDR3-CMD t=681795 {nRAS,nCAS,nWE}=000 ba=1 a=0000
DDR3-CMD t=684297 {nRAS,nCAS,nWE}=111 ba=0 a=0000
DDR3-CMD t=686799 {nRAS,nCAS,nWE}=111 ba=0 a=0000
DDR3-CMD t=689301 {nRAS,nCAS,nWE}=111 ba=0 a=0000
DDR3-CMD t=691803 {nRAS,nCAS,nWE}=111 ba=0 a=0000
DDR3-CMD t=694305 {nRAS,nCAS,nWE}=111 ba=0 a=0000
DDR3-CMD t=696807 {nRAS,nCAS,nWE}=111 ba=0 a=0000
DDR3-CMD t=699309 {nRAS,nCAS,nWE}=111 ba=0 a=0000
DDR3-CMD t=701811 {nRAS,nCAS,nWE}=000 ba=2 a=0200
DDR3-CMD t=704313 {nRAS,nCAS,nWE}=111 ba=0 a=0000
DDR3-CMD t=706815 {nRAS,nCAS,nWE}=111 ba=0 a=0000
DDR3-CMD t=709317 {nRAS,nCAS,nWE}=111 ba=0 a=0000
DDR3-CMD t=711819 {nRAS,nCAS,nWE}=111 ba=0 a=0000
DDR3-CMD t=714321 {nRAS,nCAS,nWE}=111 ba=0 a=0000
DDR3-CMD t=716823 {nRAS,nCAS,nWE}=111 ba=0 a=0000
DDR3-CMD t=719325 {nRAS,nCAS,nWE}=111 ba=0 a=0000
DDR3-CMD t=721827 {nRAS,nCAS,nWE}=111 ba=0 a=0000
DDR3-CMD t=724329 {nRAS,nCAS,nWE}=111 ba=0 a=0000
DDR3-CMD t=726831 {nRAS,nCAS,nWE}=111 ba=0 a=0000
DDR3-CMD t=729333 {nRAS,nCAS,nWE}=111 ba=0 a=0000
DDR3-CMD t=731835 {nRAS,nCAS,nWE}=111 ba=0 a=0000
DDR3-CMD t=734337 {nRAS,nCAS,nWE}=111 ba=0 a=0000
Entering READ CALIBRATION
DDR3-CMD t=736839 {nRAS,nCAS,nWE}=111 ba=0 a=0000
DDR3-CMD t=739341 {nRAS,nCAS,nWE}=111 ba=0 a=0000
DDR3-CMD t=741843 {nRAS,nCAS,nWE}=011 ba=0 a=0000
DDR3-CMD t=744345 {nRAS,nCAS,nWE}=111 ba=0 a=0000
rclkpos=1, rclksel=6
DDR3-CMD t=746847 {nRAS,nCAS,nWE}=101 ba=0 a=1000
DDR3-CMD t=749349 {nRAS,nCAS,nWE}=111 ba=0 a=0000
DDR3-CMD t=751851 {nRAS,nCAS,nWE}=111 ba=0 a=0000
DDR3-CMD t=754353 {nRAS,nCAS,nWE}=111 ba=0 a=0000
DDR3-CMD t=756855 {nRAS,nCAS,nWE}=111 ba=0 a=0000
DDR3-CMD t=759357 {nRAS,nCAS,nWE}=111 ba=0 a=0000
DDR3-CMD t=761859 {nRAS,nCAS,nWE}=111 ba=0 a=0000
DDR3-CMD t=764361 {nRAS,nCAS,nWE}=111 ba=0 a=0000
DDR3-CMD t=766863 {nRAS,nCAS,nWE}=111 ba=0 a=0000
DDR3-CMD t=769365 {nRAS,nCAS,nWE}=111 ba=0 a=0000
DDR3-CMD t=771867 {nRAS,nCAS,nWE}=111 ba=0 a=0000
DDR3-CMD t=774369 {nRAS,nCAS,nWE}=111 ba=0 a=0000
DDR3-CMD t=776871 {nRAS,nCAS,nWE}=111 ba=0 a=0000
DDR3-CMD t=779373 {nRAS,nCAS,nWE}=111 ba=0 a=0000
DDR3-CMD t=781875 {nRAS,nCAS,nWE}=111 ba=0 a=0000
DDR3-CMD t=784377 {nRAS,nCAS,nWE}=111 ba=0 a=0000
DDR3-CMD t=786879 {nRAS,nCAS,nWE}=111 ba=0 a=0000
DDR3-CMD t=789381 {nRAS,nCAS,nWE}=111 ba=0 a=0000
DDR3-CMD t=791883 {nRAS,nCAS,nWE}=111 ba=0 a=0000
DDR3-CMD t=794385 {nRAS,nCAS,nWE}=111 ba=0 a=0000
DDR3-CMD t=796887 {nRAS,nCAS,nWE}=111 ba=0 a=0000
DDR3-CMD t=799389 {nRAS,nCAS,nWE}=111 ba=0 a=0000
DDR3-CMD t=801891 {nRAS,nCAS,nWE}=111 ba=0 a=0000
DDR3-CMD t=804393 {nRAS,nCAS,nWE}=111 ba=0 a=0000
DDR3-CMD t=806895 {nRAS,nCAS,nWE}=111 ba=0 a=0000
DDR3-CMD t=809397 {nRAS,nCAS,nWE}=111 ba=0 a=0000
DDR3-CMD t=811899 {nRAS,nCAS,nWE}=111 ba=0 a=0000
DDR3-CMD t=814401 {nRAS,nCAS,nWE}=111 ba=0 a=0000
DDR3-CMD t=816903 {nRAS,nCAS,nWE}=111 ba=0 a=0000
DDR3-CMD t=819405 {nRAS,nCAS,nWE}=111 ba=0 a=0000
DDR3-CMD t=821907 {nRAS,nCAS,nWE}=111 ba=0 a=0000
DDR3-CMD t=824409 {nRAS,nCAS,nWE}=111 ba=0 a=0000
DDR3-CMD t=826911 {nRAS,nCAS,nWE}=111 ba=0 a=0000
DDR3-CMD t=829413 {nRAS,nCAS,nWE}=111 ba=0 a=0000
DDR3-CMD t=831915 {nRAS,nCAS,nWE}=111 ba=0 a=0000
DDR3-CMD t=834417 {nRAS,nCAS,nWE}=111 ba=0 a=0000
DDR3-CMD t=836919 {nRAS,nCAS,nWE}=111 ba=0 a=0000
DDR3-CMD t=839421 {nRAS,nCAS,nWE}=111 ba=0 a=0000
DDR3-CMD t=841923 {nRAS,nCAS,nWE}=111 ba=0 a=0000
DDR3-CMD t=844425 {nRAS,nCAS,nWE}=111 ba=0 a=0000
DDR3-CMD t=846927 {nRAS,nCAS,nWE}=111 ba=0 a=0000
DDR3-CMD t=849429 {nRAS,nCAS,nWE}=111 ba=0 a=0000
DDR3-CMD t=851931 {nRAS,nCAS,nWE}=111 ba=0 a=0000
DDR3-CMD t=854433 {nRAS,nCAS,nWE}=111 ba=0 a=0000
rclkpos=1, rclksel=6
DDR3-CMD t=856935 {nRAS,nCAS,nWE}=101 ba=0 a=1000
DDR3-CMD t=859437 {nRAS,nCAS,nWE}=111 ba=0 a=0000
DDR3-CMD t=861939 {nRAS,nCAS,nWE}=111 ba=0 a=0000
DDR3-CMD t=864441 {nRAS,nCAS,nWE}=111 ba=0 a=0000
DDR3-CMD t=866943 {nRAS,nCAS,nWE}=111 ba=0 a=0000
DDR3-CMD t=869445 {nRAS,nCAS,nWE}=111 ba=0 a=0000
DDR3-CMD t=871947 {nRAS,nCAS,nWE}=111 ba=0 a=0000
DDR3-CMD t=874449 {nRAS,nCAS,nWE}=111 ba=0 a=0000
DDR3-CMD t=876951 {nRAS,nCAS,nWE}=111 ba=0 a=0000
DDR3-CMD t=879453 {nRAS,nCAS,nWE}=111 ba=0 a=0000
DDR3-CMD t=881955 {nRAS,nCAS,nWE}=111 ba=0 a=0000
DDR3-CMD t=884457 {nRAS,nCAS,nWE}=111 ba=0 a=0000
DDR3-CMD t=886959 {nRAS,nCAS,nWE}=111 ba=0 a=0000
DDR3-CMD t=889461 {nRAS,nCAS,nWE}=111 ba=0 a=0000
DDR3-CMD t=891963 {nRAS,nCAS,nWE}=111 ba=0 a=0000
DDR3-CMD t=894465 {nRAS,nCAS,nWE}=111 ba=0 a=0000
DDR3-CMD t=896967 {nRAS,nCAS,nWE}=111 ba=0 a=0000
DDR3-CMD t=899469 {nRAS,nCAS,nWE}=111 ba=0 a=0000
DDR3-CMD t=901971 {nRAS,nCAS,nWE}=111 ba=0 a=0000
DDR3-CMD t=904473 {nRAS,nCAS,nWE}=111 ba=0 a=0000
DDR3-CMD t=906975 {nRAS,nCAS,nWE}=111 ba=0 a=0000
DDR3-CMD t=909477 {nRAS,nCAS,nWE}=111 ba=0 a=0000
DDR3-CMD t=911979 {nRAS,nCAS,nWE}=111 ba=0 a=0000
DDR3-CMD t=914481 {nRAS,nCAS,nWE}=111 ba=0 a=0000
DDR3-CMD t=916983 {nRAS,nCAS,nWE}=111 ba=0 a=0000
DDR3-CMD t=919485 {nRAS,nCAS,nWE}=111 ba=0 a=0000
DDR3-CMD t=921987 {nRAS,nCAS,nWE}=111 ba=0 a=0000
DDR3-CMD t=924489 {nRAS,nCAS,nWE}=111 ba=0 a=0000
DDR3-CMD t=926991 {nRAS,nCAS,nWE}=111 ba=0 a=0000
DDR3-CMD t=929493 {nRAS,nCAS,nWE}=111 ba=0 a=0000
DDR3-CMD t=931995 {nRAS,nCAS,nWE}=111 ba=0 a=0000
DDR3-CMD t=934497 {nRAS,nCAS,nWE}=111 ba=0 a=0000
DDR3-CMD t=936999 {nRAS,nCAS,nWE}=111 ba=0 a=0000
DDR3-CMD t=939501 {nRAS,nCAS,nWE}=111 ba=0 a=0000
DDR3-CMD t=942003 {nRAS,nCAS,nWE}=111 ba=0 a=0000
DDR3-CMD t=944505 {nRAS,nCAS,nWE}=111 ba=0 a=0000
DDR3-CMD t=947007 {nRAS,nCAS,nWE}=111 ba=0 a=0000
DDR3-CMD t=949509 {nRAS,nCAS,nWE}=111 ba=0 a=0000
DDR3-CMD t=952011 {nRAS,nCAS,nWE}=111 ba=0 a=0000
DDR3-CMD t=954513 {nRAS,nCAS,nWE}=111 ba=0 a=0000
DDR3-CMD t=957015 {nRAS,nCAS,nWE}=111 ba=0 a=0000
DDR3-CMD t=959517 {nRAS,nCAS,nWE}=111 ba=0 a=0000
DDR3-CMD t=962019 {nRAS,nCAS,nWE}=010 ba=0 a=0000
DDR3-CMD t=964521 {nRAS,nCAS,nWE}=111 ba=0 a=0000
All initialization DONE...
DDR3-CMD t=967023 {nRAS,nCAS,nWE}=111 ba=0 a=0000
DDR3-CMD t=969525 {nRAS,nCAS,nWE}=111 ba=0 a=0000
DDR3-CMD t=972027 {nRAS,nCAS,nWE}=111 ba=0 a=0000
DDR3-CMD t=974529 {nRAS,nCAS,nWE}=111 ba=0 a=0000
DDR3-CMD t=977031 {nRAS,nCAS,nWE}=111 ba=0 a=0000
DDR3-CMD t=979533 {nRAS,nCAS,nWE}=111 ba=0 a=0000
DDR3-CMD t=982035 {nRAS,nCAS,nWE}=111 ba=0 a=0000
DDR3-CMD t=984537 {nRAS,nCAS,nWE}=111 ba=0 a=0000
DDR3-CMD t=987039 {nRAS,nCAS,nWE}=111 ba=0 a=0000
DDR3-CMD t=989541 {nRAS,nCAS,nWE}=111 ba=0 a=0000
DDR3-CMD t=992043 {nRAS,nCAS,nWE}=111 ba=0 a=0000
DDR3-CMD t=994545 {nRAS,nCAS,nWE}=111 ba=0 a=0000
DDR3-CMD t=997047 {nRAS,nCAS,nWE}=111 ba=0 a=0000
DDR3-CMD t=999549 {nRAS,nCAS,nWE}=111 ba=0 a=0000
DDR3-CMD t=1002051 {nRAS,nCAS,nWE}=111 ba=0 a=0000
DDR3-CMD t=1004553 {nRAS,nCAS,nWE}=111 ba=0 a=0000
DDR3-CMD t=1007055 {nRAS,nCAS,nWE}=111 ba=0 a=0000
DDR3-CMD t=1009557 {nRAS,nCAS,nWE}=111 ba=0 a=0000
DDR3-CMD t=1012059 {nRAS,nCAS,nWE}=111 ba=0 a=0000
DDR3-CMD t=1014561 {nRAS,nCAS,nWE}=111 ba=0 a=0000
DDR3-CMD t=1017063 {nRAS,nCAS,nWE}=111 ba=0 a=0000
DDR3-CMD t=1019565 {nRAS,nCAS,nWE}=111 ba=0 a=0000
DDR3-CMD t=1022067 {nRAS,nCAS,nWE}=111 ba=0 a=0000
DDR3-CMD t=1024569 {nRAS,nCAS,nWE}=111 ba=0 a=0000
DDR3-CMD t=1027071 {nRAS,nCAS,nWE}=111 ba=0 a=0000
DDR3-CMD t=1029573 {nRAS,nCAS,nWE}=111 ba=0 a=0000
DDR3-CMD t=1032075 {nRAS,nCAS,nWE}=111 ba=0 a=0000
DDR3-CMD t=1034577 {nRAS,nCAS,nWE}=111 ba=0 a=0000
DDR3-CMD t=1037079 {nRAS,nCAS,nWE}=111 ba=0 a=0000
DDR3-CMD t=1039581 {nRAS,nCAS,nWE}=111 ba=0 a=0000
DDR3-CMD t=1042083 {nRAS,nCAS,nWE}=111 ba=0 a=0000
DDR3-CMD t=1044585 {nRAS,nCAS,nWE}=111 ba=0 a=0000
DDR3-CMD t=1047087 {nRAS,nCAS,nWE}=111 ba=0 a=0000
DDR3-CMD t=1049589 {nRAS,nCAS,nWE}=111 ba=0 a=0000
DDR3-CMD t=1052091 {nRAS,nCAS,nWE}=111 ba=0 a=0000
DDR3-CMD t=1054593 {nRAS,nCAS,nWE}=111 ba=0 a=0000
DDR3-CMD t=1057095 {nRAS,nCAS,nWE}=111 ba=0 a=0000
DDR3-CMD t=1059597 {nRAS,nCAS,nWE}=111 ba=0 a=0000
DDR3-CMD t=1062099 {nRAS,nCAS,nWE}=111 ba=0 a=0000
DDR3-CMD t=1064601 {nRAS,nCAS,nWE}=111 ba=0 a=0000
DDR3-CMD t=1067103 {nRAS,nCAS,nWE}=111 ba=0 a=0000
DDR3-CMD t=1069605 {nRAS,nCAS,nWE}=111 ba=0 a=0000
DDR3-CMD t=1072107 {nRAS,nCAS,nWE}=111 ba=0 a=0000
DDR3-CMD t=1074609 {nRAS,nCAS,nWE}=111 ba=0 a=0000
DDR3-CMD t=1077111 {nRAS,nCAS,nWE}=111 ba=0 a=0000
DDR3-CMD t=1079613 {nRAS,nCAS,nWE}=111 ba=0 a=0000
DDR3-CMD t=1082115 {nRAS,nCAS,nWE}=111 ba=0 a=0000
DDR3-CMD t=1084617 {nRAS,nCAS,nWE}=111 ba=0 a=0000
DDR3-CMD t=1087119 {nRAS,nCAS,nWE}=111 ba=0 a=0000
DDR3-CMD t=1089621 {nRAS,nCAS,nWE}=111 ba=0 a=0000
DDR3-CMD t=1092123 {nRAS,nCAS,nWE}=111 ba=0 a=0000
DDR3-CMD t=1094625 {nRAS,nCAS,nWE}=111 ba=0 a=0000
DDR3-CMD t=1097127 {nRAS,nCAS,nWE}=111 ba=0 a=0000
DDR3-CMD t=1099629 {nRAS,nCAS,nWE}=111 ba=0 a=0000
DDR3-CMD t=1102131 {nRAS,nCAS,nWE}=111 ba=0 a=0000
DDR3-CMD t=1104633 {nRAS,nCAS,nWE}=111 ba=0 a=0000
DDR3-CMD t=1107135 {nRAS,nCAS,nWE}=111 ba=0 a=0000
DDR3-CMD t=1109637 {nRAS,nCAS,nWE}=111 ba=0 a=0000
DDR3-CMD t=1112139 {nRAS,nCAS,nWE}=111 ba=0 a=0000
DDR3-CMD t=1114641 {nRAS,nCAS,nWE}=111 ba=0 a=0000
DDR3-CMD t=1117143 {nRAS,nCAS,nWE}=111 ba=0 a=0000
DDR3-CMD t=1119645 {nRAS,nCAS,nWE}=111 ba=0 a=0000
DDR3-CMD t=1122147 {nRAS,nCAS,nWE}=111 ba=0 a=0000
DDR3-CMD t=1124649 {nRAS,nCAS,nWE}=111 ba=0 a=0000
TB-ROW-READ-PHASE t=2056644 rclkpos=1 wlevel=1 rcalib=1
  ACTDBG #1 t=2683395 pin_a=1 dut_q_row=1 q_head=3 q_count=1 cmd_addr_qh=1024
  ACTDBG #2 t=2843523 pin_a=2 dut_q_row=2 q_head=7 q_count=4 cmd_addr_qh=2048
  ACTDBG #3 t=3143763 pin_a=4 dut_q_row=4 q_head=7 q_count=8 cmd_addr_qh=4096
  ACTDBG #4 t=3444003 pin_a=6 dut_q_row=6 q_head=7 q_count=8 cmd_addr_qh=6144
  ACTDBG #5 t=3744243 pin_a=8 dut_q_row=8 q_head=7 q_count=8 cmd_addr_qh=8192
  ACTDBG #6 t=4044483 pin_a=10 dut_q_row=10 q_head=7 q_count=8 cmd_addr_qh=10240
  ACTDBG #7 t=4344723 pin_a=12 dut_q_row=12 q_head=7 q_count=8 cmd_addr_qh=12288
  ACTDBG #8 t=4644963 pin_a=14 dut_q_row=14 q_head=7 q_count=8 cmd_addr_qh=14336
TB-ROW-DRAIN done after 101 pclk (stable=64) q=0 f=0 rdpipe=0
TB-ROW-SUMMARY
  rows requested         = 16  (a q_row aliasing 8:1 is invisible at <= 8)
  commands issued        = 64
  q_pop                  = 63
  bursts returned        = 63
  ACTs on the pin        = 8
  S_MISS cycles (engine) = 48   <-- cross-check of the ACT count
  DISTINCT rows on ACT   = 8   (expected 16)
  ACT rows out of range  = 0
  bursts data-checked    = 63
  data words all-X/z      = 63  of 63 checked (see note: read data is NOT trustworthy here)
  q_row slice in RTL     = [22:10]  (must be [22:10])
  ACT rows in order       = 1 2 4 6 8 10 12 14
  rows requested, missing = 0 3 5 7 9 11 13 15
VERDICT: INCONCLUSIVE -- 8 of 16 rows seen on the ACT pin. This bench has a known stimulus defect (one command in eight is dropped, shifting the row sequence); do NOT read this as residual aliasing. Check the ACTDBG lines: pin_a must equal dut_q_row on every ACT.
tb_row.v:476: $finish called at 6129900 (1ps)
