2026-09-27T22:51:48Z
started branch feat/build-flow; preparing build.sh + build_ddr3.tcl
2026-09-27T22:52:15Z tools/build.sh + tools/build_ddr3.tcl + evidence/progress-build.log scaffolded; launching unattended build in background
2026-09-27T22:52:44Z relaunching build after fixing HOST_REPO_DIR export
2026-09-27T22:53:44Z patched tools/fpga-run.sh to --env-forward HOST_REPO_DIR/REPO; relaunching
2026-09-27T22:55:08Z fixed SV syntax in print.v: assign-array-element -> initial-block, redeclared-uart_txp -> txp. Behavior preserved.
2026-09-27T22:55:28Z 2nd fix: hex_lib wire->reg; 3rd: removed print.v from add_file list (let include resolve it once).
2026-09-27T22:57:00Z fixed ddr3_top.v UART driver; cleaned tang20k.cst (removed BANK_VCCIO and VREF=INTERNAL; pin map and PLL_L[0] preserved)
2026-09-27T23:00:04Z added BANK_VCCIO=1.5 ONLY on the first bank-4 pin (DDR3_BA[2]=H5) to anchor the bank voltage; testing.
2026-09-27T23:00:32Z added IO_TYPE=LVCMOS15 BANK_VCCIO=1.5 to sys_resetn (T2 is in bank 4); testing
2026-09-27T23:00:56Z CT1136 fixed by adding IO_TYPE=LVCMOS15/BANK_VCCIO=1.5 on sys_resetn (T2 in bank 4). Now hit PR2028/PR2017: led2[7]=T9 is SSPI pin. Adding set_option -use_sspi_as_gpio/-use_ready/-use_done.
2026-09-27T23:02:21Z build successful; .fs produced; cleaning build/ for fresh re-run
2026-09-27T23:06:15Z starting unattended build.sh re-run (after -exit fix) in background
2026-09-27T23:08:51Z BUILD GREEN end-to-end. Fresh re-build at 16:07:57 -- bitstream identical to first build. tool=GW1.9.11.03_Education, fs=7262008 bytes, sha=53138c7f...
2026-09-27T23:08:51Z final: removing -exit flag worked. gw_sh runs script when not given -exit (verified twice)
2026-09-27T23:10:57Z final re-run from clean state via tools/build.sh works: .fs regenerated (7,262,008 bytes, sha=b7a313b7...)
2026-09-27T23:16:45Z fixed tools/build.sh: awk range pattern with '/' inside I/O Bank clobbered delimiter; replaced with grep+line-range+sed. Also pulled timing summary from ddr3_tr_content.html + ddr3.timing_paths (pnr log has no slack lines). EXIT=0 confirmed.
2026-09-28T17:16:00Z rebased feat/build-flow onto origin/main (bcc1836). Dropped old --name fpga-tools; pulled in the wrapper's name-free form. tools/build.sh had a dead 'podman ps --filter name=fpga-tools' gate after that (no container carries that name anymore) -- fixed to scan for any container bind-mounted against this repo path (concurrency-safe; bind mount is the hazard, not the image).
2026-09-28T17:16:18Z post-rebuild verify: tools/build.sh end-to-end. EXIT=0. .fs = 7,262,008 bytes, sha256 edab3d8955e1bfec96f6da76d93752a310116cdddc37462008a3e58f9cb47710. Worst SETUP slack 0.048 ns, HOLD 0.334 ns, 0 violated endpoints. Resource: LUT 1301/20736 (7%), FF 474/15552 (4%), IOLOGIC 110/207 (54% with IDES8_MEM/OSER8/OSER8_MEM). rPLL defparams match documented-valid pair: IDIV_SEL=3 (IDIV=4), FBDIV_SEL=58 (FBDIV=59), ODIV_SEL=2 (ODIV=2), FCLKIN=27 -> fCLKOUT 398.25 MHz, VCO 796.5 MHz, CLKOUTD/4 = 99.8 MHz (= ddr3_top.v:49 FREQ=99_800_000). WARN families emitted (none substituted-config): EX2478 (3x, SV init decl), EX3780 (start never assigned), EX3073 (3x, Q1 unconnected), EX3791 (16x, expression truncation), EX3858 (6x, $display ignored), EX3670 (DDR3_A and STOP width mismatch), EX1998 (dq_out[5][15] undriven), EX2565 (68x, IBUF/OBUF inputs undriven -- IOBUF tristate ctrl not tied off; functional not blocked by EX2565 but is style debt), CV0016 (d7 unused). Zero EX0205/EX0210/PA1019/TA1123. Zero ERROR.
2026-09-28T17:21:00Z Followup fix: tools/build.sh had three latent bugs in the summary block under `set -euo pipefail`: (1) `start=$(grep ... | head -1 | cut)` exits 1 when grep finds no match, tripping pipefail and aborting the script. Wrap with `set +o pipefail` / `set -o pipefail`. (2) `setup=$(awk '/^SETUP$/{...}')` exits 1 when pattern never matches. Add `|| true`. (3) The substituted-config grep `EX0205|EX0210|PA1019|TA1123` matched its OWN header label, returning 0 and printing the header twice instead of falling through to the "(none -- ...)" fallback. Anchor on `WARN  (EX0205|...)` form. All three verified: tools/build.sh end-to-end run after fix exits 0 and prints "(none -- PLL/clock configs accepted as-is)".
