READ-BAR check: ISSUE_PCLK=3 -> 533.33 MB/s at 100 MHz pclk, 16 B/cmd
Entering WRITE LEVELING
wstep= 24
wstep= 24
Write leveling process finished.
Entering READ CALIBRATION
rclkpos=1, rclksel=6
rclkpos=1, rclksel=7
rclkpos=2, rclksel=0
rclkpos=2, rclksel=1
rclkpos=2, rclksel=2
rclkpos=2, rclksel=3
rclkpos=2, rclksel=4
rclkpos=2, rclksel=5
rclkpos=2, rclksel=6
rclkpos=2, rclksel=7
rclkpos=3, rclksel=0
rclkpos=3, rclksel=1
rclkpos=3, rclksel=2
rclkpos=3, rclksel=3
rclkpos=3, rclksel=4
rclkpos=3, rclksel=5
rclkpos=3, rclksel=6
rclkpos=3, rclksel=7
rclkpos=0, rclksel=0
rclkpos=0, rclksel=1
rclkpos=0, rclksel=2
rclkpos=0, rclksel=3
rclkpos=0, rclksel=4
rclkpos=0, rclksel=5
rclkpos=0, rclksel=6
rclkpos=0, rclksel=7
rclkpos=1, rclksel=0
rclkpos=1, rclksel=1
rclkpos=1, rclksel=2
rclkpos=1, rclksel=3
rclkpos=1, rclksel=4
rclkpos=1, rclksel=5
rclkpos=1, rclksel=6
rclkpos=1, rclksel=7
rclkpos=2, rclksel=0
rclkpos=2, rclksel=1
rclkpos=2, rclksel=2
rclkpos=2, rclksel=3
rclkpos=2, rclksel=4
rclkpos=2, rclksel=5
rclkpos=2, rclksel=6
rclkpos=2, rclksel=7
rclkpos=3, rclksel=0
rclkpos=3, rclksel=1
rclkpos=3, rclksel=2
rclkpos=3, rclksel=3
rclkpos=3, rclksel=4
rclkpos=3, rclksel=5
rclkpos=3, rclksel=6
rclkpos=3, rclksel=7
rclkpos=0, rclksel=0
rclkpos=0, rclksel=1
rclkpos=0, rclksel=2
rclkpos=0, rclksel=3
rclkpos=0, rclksel=4
rclkpos=0, rclksel=5
rclkpos=0, rclksel=6
rclkpos=0, rclksel=7
rclkpos=1, rclksel=0
rclkpos=1, rclksel=1
rclkpos=1, rclksel=2
rclkpos=1, rclksel=3
rclkpos=1, rclksel=4
rclkpos=1, rclksel=5
rclkpos=1, rclksel=6
rclkpos=1, rclksel=7
rclkpos=2, rclksel=0
rclkpos=2, rclksel=1
rclkpos=2, rclksel=2
rclkpos=2, rclksel=3
rclkpos=2, rclksel=4
rclkpos=2, rclksel=5
rclkpos=2, rclksel=6
rclkpos=2, rclksel=7
rclkpos=3, rclksel=0
rclkpos=3, rclksel=1
rclkpos=3, rclksel=2
rclkpos=3, rclksel=3
rclkpos=3, rclksel=4
rclkpos=3, rclksel=5
rclkpos=3, rclksel=6
rclkpos=3, rclksel=7
rclkpos=0, rclksel=0
rclkpos=0, rclksel=1
rclkpos=0, rclksel=2
rclkpos=0, rclksel=3
rclkpos=0, rclksel=4
rclkpos=0, rclksel=5
rclkpos=0, rclksel=6
rclkpos=0, rclksel=7
rclkpos=1, rclksel=0
rclkpos=1, rclksel=1
rclkpos=1, rclksel=2
rclkpos=1, rclksel=3
rclkpos=1, rclksel=4
rclkpos=1, rclksel=5
rclkpos=1, rclksel=6
rclkpos=1, rclksel=7
rclkpos=2, rclksel=0
rclkpos=2, rclksel=1
rclkpos=2, rclksel=2
rclkpos=2, rclksel=3
rclkpos=2, rclksel=4
rclkpos=2, rclksel=5
rclkpos=2, rclksel=6
rclkpos=2, rclksel=7
rclkpos=3, rclksel=0
rclkpos=3, rclksel=1
rclkpos=3, rclksel=2
rclkpos=3, rclksel=3
rclkpos=3, rclksel=4
rclkpos=3, rclksel=5
rclkpos=3, rclksel=6
rclkpos=3, rclksel=7
rclkpos=0, rclksel=0
rclkpos=0, rclksel=1
rclkpos=0, rclksel=2
rclkpos=0, rclksel=3
rclkpos=0, rclksel=4
rclkpos=0, rclksel=5
rclkpos=0, rclksel=6
rclkpos=0, rclksel=7
rclkpos=1, rclksel=0
rclkpos=1, rclksel=1
rclkpos=1, rclksel=2
rclkpos=1, rclksel=3
rclkpos=1, rclksel=4
rclkpos=1, rclksel=5
rclkpos=1, rclksel=6
rclkpos=1, rclksel=7
rclkpos=2, rclksel=0
rclkpos=2, rclksel=1
rclkpos=2, rclksel=2
rclkpos=2, rclksel=3
rclkpos=2, rclksel=4
rclkpos=2, rclksel=5
rclkpos=2, rclksel=6
rclkpos=2, rclksel=7
rclkpos=3, rclksel=0
rclkpos=3, rclksel=1
rclkpos=3, rclksel=2
rclkpos=3, rclksel=3
rclkpos=3, rclksel=4
rclkpos=3, rclksel=5
rclkpos=3, rclksel=6
rclkpos=3, rclksel=7
rclkpos=0, rclksel=0
rclkpos=0, rclksel=1
rclkpos=0, rclksel=2
rclkpos=0, rclksel=3
rclkpos=0, rclksel=4
rclkpos=0, rclksel=5
rclkpos=0, rclksel=6
rclkpos=0, rclksel=7
rclkpos=1, rclksel=0
rclkpos=1, rclksel=1
rclkpos=1, rclksel=2
rclkpos=1, rclksel=3
rclkpos=1, rclksel=4
rclkpos=1, rclksel=5
rclkpos=1, rclksel=6
rclkpos=1, rclksel=7
rclkpos=2, rclksel=0
rclkpos=2, rclksel=1
rclkpos=2, rclksel=2
rclkpos=2, rclksel=3
rclkpos=2, rclksel=4
rclkpos=2, rclksel=5
rclkpos=2, rclksel=6
rclkpos=2, rclksel=7
rclkpos=3, rclksel=0
rclkpos=3, rclksel=1
rclkpos=3, rclksel=2
rclkpos=3, rclksel=3
rclkpos=3, rclksel=4
rclkpos=3, rclksel=5
rclkpos=3, rclksel=6
rclkpos=3, rclksel=7
rclkpos=0, rclksel=0
rclkpos=0, rclksel=1
rclkpos=0, rclksel=2
rclkpos=0, rclksel=3
rclkpos=0, rclksel=4
rclkpos=0, rclksel=5
rclkpos=0, rclksel=6
rclkpos=0, rclksel=7
rclkpos=1, rclksel=0
rclkpos=1, rclksel=1
rclkpos=1, rclksel=2
rclkpos=1, rclksel=3
rclkpos=1, rclksel=4
rclkpos=1, rclksel=5
rclkpos=1, rclksel=6
rclkpos=1, rclksel=7
rclkpos=2, rclksel=0
rclkpos=2, rclksel=1
rclkpos=2, rclksel=2
rclkpos=2, rclksel=3
rclkpos=2, rclksel=4
rclkpos=2, rclksel=5
rclkpos=2, rclksel=6
rclkpos=2, rclksel=7
rclkpos=3, rclksel=0
rclkpos=3, rclksel=1
rclkpos=3, rclksel=2
rclkpos=3, rclksel=3
rclkpos=3, rclksel=4
rclkpos=3, rclksel=5
rclkpos=3, rclksel=6
rclkpos=3, rclksel=7
rclkpos=0, rclksel=0
rclkpos=0, rclksel=1
rclkpos=0, rclksel=2
rclkpos=0, rclksel=3
rclkpos=0, rclksel=4
rclkpos=0, rclksel=5
rclkpos=0, rclksel=6
rclkpos=0, rclksel=7
rclkpos=1, rclksel=0
rclkpos=1, rclksel=1
rclkpos=1, rclksel=2
rclkpos=1, rclksel=3
rclkpos=1, rclksel=4
rclkpos=1, rclksel=5
rclkpos=1, rclksel=6
rclkpos=1, rclksel=7
rclkpos=2, rclksel=0
rclkpos=2, rclksel=1
rclkpos=2, rclksel=2
rclkpos=2, rclksel=3
rclkpos=2, rclksel=4
rclkpos=2, rclksel=5
rclkpos=2, rclksel=6
rclkpos=2, rclksel=7
rclkpos=3, rclksel=0
rclkpos=3, rclksel=1
rclkpos=3, rclksel=2
rclkpos=3, rclksel=3
rclkpos=3, rclksel=4
rclkpos=3, rclksel=5
rclkpos=3, rclksel=6
rclkpos=3, rclksel=7
rclkpos=0, rclksel=0
rclkpos=0, rclksel=1
rclkpos=0, rclksel=2
rclkpos=0, rclksel=3
rclkpos=0, rclksel=4
rclkpos=0, rclksel=5
rclkpos=0, rclksel=6
rclkpos=0, rclksel=7
rclkpos=1, rclksel=0
rclkpos=1, rclksel=1
rclkpos=1, rclksel=2
rclkpos=1, rclksel=3
rclkpos=1, rclksel=4
rclkpos=1, rclksel=5
rclkpos=1, rclksel=6
rclkpos=1, rclksel=7
rclkpos=2, rclksel=0
rclkpos=2, rclksel=1
rclkpos=2, rclksel=2
rclkpos=2, rclksel=3
rclkpos=2, rclksel=4
rclkpos=2, rclksel=5
rclkpos=2, rclksel=6
rclkpos=2, rclksel=7
rclkpos=3, rclksel=0
rclkpos=3, rclksel=1
rclkpos=3, rclksel=2
rclkpos=3, rclksel=3
rclkpos=3, rclksel=4
rclkpos=3, rclksel=5
rclkpos=3, rclksel=6
rclkpos=3, rclksel=7
rclkpos=0, rclksel=0
rclkpos=0, rclksel=1
rclkpos=0, rclksel=2
rclkpos=0, rclksel=3
rclkpos=0, rclksel=4
rclkpos=0, rclksel=5
rclkpos=0, rclksel=6
rclkpos=0, rclksel=7
rclkpos=1, rclksel=0
rclkpos=1, rclksel=1
rclkpos=1, rclksel=2
rclkpos=1, rclksel=3
rclkpos=1, rclksel=4
rclkpos=1, rclksel=5
rclkpos=1, rclksel=6
rclkpos=1, rclksel=7
rclkpos=2, rclksel=0
rclkpos=2, rclksel=1
rclkpos=2, rclksel=2
rclkpos=2, rclksel=3
rclkpos=2, rclksel=4
rclkpos=2, rclksel=5
rclkpos=2, rclksel=6
rclkpos=2, rclksel=7
rclkpos=3, rclksel=0
rclkpos=3, rclksel=1
rclkpos=3, rclksel=2
rclkpos=3, rclksel=3
rclkpos=3, rclksel=4
rclkpos=3, rclksel=5
rclkpos=3, rclksel=6
rclkpos=3, rclksel=7
rclkpos=0, rclksel=0
rclkpos=0, rclksel=1
rclkpos=0, rclksel=2
rclkpos=0, rclksel=3
rclkpos=0, rclksel=4
rclkpos=0, rclksel=5
rclkpos=0, rclksel=6
rclkpos=0, rclksel=7
rclkpos=1, rclksel=0
rclkpos=1, rclksel=1
rclkpos=1, rclksel=2
rclkpos=1, rclksel=3
rclkpos=1, rclksel=4
rclkpos=1, rclksel=5
rclkpos=1, rclksel=6
rclkpos=1, rclksel=7
rclkpos=2, rclksel=0
rclkpos=2, rclksel=1
rclkpos=2, rclksel=2
rclkpos=2, rclksel=3
rclkpos=2, rclksel=4
rclkpos=2, rclksel=5
rclkpos=2, rclksel=6
rclkpos=2, rclksel=7
rclkpos=3, rclksel=0
rclkpos=3, rclksel=1
rclkpos=3, rclksel=2
rclkpos=3, rclksel=3
rclkpos=3, rclksel=4
rclkpos=3, rclksel=5
rclkpos=3, rclksel=6
rclkpos=3, rclksel=7
rclkpos=0, rclksel=0
rclkpos=0, rclksel=1
rclkpos=0, rclksel=2
rclkpos=0, rclksel=3
rclkpos=0, rclksel=4
rclkpos=0, rclksel=5
rclkpos=0, rclksel=6
rclkpos=0, rclksel=7
rclkpos=1, rclksel=0
rclkpos=1, rclksel=1
rclkpos=1, rclksel=2
rclkpos=1, rclksel=3
rclkpos=1, rclksel=4
rclkpos=1, rclksel=5
rclkpos=1, rclksel=6
rclkpos=1, rclksel=7
rclkpos=2, rclksel=0
rclkpos=2, rclksel=1
rclkpos=2, rclksel=2
rclkpos=2, rclksel=3
rclkpos=2, rclksel=4
rclkpos=2, rclksel=5
rclkpos=2, rclksel=6
rclkpos=2, rclksel=7
rclkpos=3, rclksel=0
rclkpos=3, rclksel=1
rclkpos=3, rclksel=2
rclkpos=3, rclksel=3
rclkpos=3, rclksel=4
rclkpos=3, rclksel=5
rclkpos=3, rclksel=6
rclkpos=3, rclksel=7
rclkpos=0, rclksel=0
rclkpos=0, rclksel=1
rclkpos=0, rclksel=2
rclkpos=0, rclksel=3
rclkpos=0, rclksel=4
rclkpos=0, rclksel=5
rclkpos=0, rclksel=6
rclkpos=0, rclksel=7
rclkpos=1, rclksel=0
rclkpos=1, rclksel=1
rclkpos=1, rclksel=2
rclkpos=1, rclksel=3
rclkpos=1, rclksel=4
rclkpos=1, rclksel=5
rclkpos=1, rclksel=6
RB-BENCH start: p0=98 c0=0 rclkpos=1
UART|MEAS0 00000062 00000000 00000000 00000000
rclkpos=1, rclksel=7
rclkpos=2, rclksel=0
rclkpos=2, rclksel=1
rclkpos=2, rclksel=2
rclkpos=2, rclksel=3
rclkpos=2, rclksel=4
rclkpos=2, rclksel=5
rclkpos=2, rclksel=6
rclkpos=2, rclksel=7
rclkpos=3, rclksel=0
rclkpos=3, rclksel=1
rclkpos=3, rclksel=2
rclkpos=3, rclksel=3
rclkpos=3, rclksel=4
rclkpos=3, rclksel=5
rclkpos=3, rclksel=6
rclkpos=3, rclksel=7
rclkpos=0, rclksel=0
rclkpos=0, rclksel=1
rclkpos=0, rclksel=2
rclkpos=0, rclksel=3
rclkpos=0, rclksel=4
rclkpos=0, rclksel=5
rclkpos=0, rclksel=6
rclkpos=0, rclksel=7
rclkpos=1, rclksel=0
rclkpos=1, rclksel=1
rclkpos=1, rclksel=2
rclkpos=1, rclksel=3
rclkpos=1, rclksel=4
rclkpos=1, rclksel=5
rclkpos=1, rclksel=6
rclkpos=1, rclksel=7
rclkpos=2, rclksel=0
rclkpos=2, rclksel=1
rclkpos=2, rclksel=2
rclkpos=2, rclksel=3
rclkpos=2, rclksel=4
rclkpos=2, rclksel=5
rclkpos=2, rclksel=6
rclkpos=2, rclksel=7
rclkpos=3, rclksel=0
rclkpos=3, rclksel=1
rclkpos=3, rclksel=2
rclkpos=3, rclksel=3
rclkpos=3, rclksel=4
rclkpos=3, rclksel=5
rclkpos=3, rclksel=6
rclkpos=3, rclksel=7
rclkpos=0, rclksel=0
rclkpos=0, rclksel=1
rclkpos=0, rclksel=2
rclkpos=0, rclksel=3
rclkpos=0, rclksel=4
rclkpos=0, rclksel=5
rclkpos=0, rclksel=6
rclkpos=0, rclksel=7
rclkpos=1, rclksel=0
rclkpos=1, rclksel=1
rclkpos=1, rclksel=2
rclkpos=1, rclksel=3
rclkpos=1, rclksel=4
rclkpos=1, rclksel=5
rclkpos=1, rclksel=6
DDR3-MODEL t=50463750 refreshes=0 rfp_violations=0
rclkpos=1, rclksel=7
rclkpos=2, rclksel=0
rclkpos=2, rclksel=1
rclkpos=2, rclksel=2
rclkpos=2, rclksel=3
rclkpos=2, rclksel=4
rclkpos=2, rclksel=5
rclkpos=2, rclksel=6
rclkpos=2, rclksel=7
rclkpos=3, rclksel=0
rclkpos=3, rclksel=1
rclkpos=3, rclksel=2
rclkpos=3, rclksel=3
rclkpos=3, rclksel=4
rclkpos=3, rclksel=5
rclkpos=3, rclksel=6
rclkpos=3, rclksel=7
rclkpos=0, rclksel=0
rclkpos=0, rclksel=1
rclkpos=0, rclksel=2
rclkpos=0, rclksel=3
rclkpos=0, rclksel=4
rclkpos=0, rclksel=5
rclkpos=0, rclksel=6
rclkpos=0, rclksel=7
rclkpos=1, rclksel=0
rclkpos=1, rclksel=1
rclkpos=1, rclksel=2
rclkpos=1, rclksel=3
rclkpos=1, rclksel=4
rclkpos=1, rclksel=5
rclkpos=1, rclksel=6
rclkpos=1, rclksel=7
rclkpos=2, rclksel=0
rclkpos=2, rclksel=1
rclkpos=2, rclksel=2
rclkpos=2, rclksel=3
rclkpos=2, rclksel=4
rclkpos=2, rclksel=5
rclkpos=2, rclksel=6
rclkpos=2, rclksel=7
rclkpos=3, rclksel=0
rclkpos=3, rclksel=1
rclkpos=3, rclksel=2
rclkpos=3, rclksel=3
rclkpos=3, rclksel=4
rclkpos=3, rclksel=5
rclkpos=3, rclksel=6
rclkpos=3, rclksel=7
rclkpos=0, rclksel=0
rclkpos=0, rclksel=1
rclkpos=0, rclksel=2
rclkpos=0, rclksel=3
rclkpos=0, rclksel=4
rclkpos=0, rclksel=5
rclkpos=0, rclksel=6
rclkpos=0, rclksel=7
rclkpos=1, rclksel=0
rclkpos=1, rclksel=1
rclkpos=1, rclksel=2
rclkpos=1, rclksel=3
rclkpos=1, rclksel=4
rclkpos=1, rclksel=5
rclkpos=1, rclksel=6
rclkpos=1, rclksel=7
rclkpos=2, rclksel=0
rclkpos=2, rclksel=1
rclkpos=2, rclksel=2
rclkpos=2, rclksel=3
rclkpos=2, rclksel=4
rclkpos=2, rclksel=5
rclkpos=2, rclksel=6
rclkpos=2, rclksel=7
rclkpos=3, rclksel=0
rclkpos=3, rclksel=1
rclkpos=3, rclksel=2
rclkpos=3, rclksel=3
rclkpos=3, rclksel=4
rclkpos=3, rclksel=5
rclkpos=3, rclksel=6
rclkpos=3, rclksel=7
rclkpos=0, rclksel=0
rclkpos=0, rclksel=1
rclkpos=0, rclksel=2
rclkpos=0, rclksel=3
rclkpos=0, rclksel=4
rclkpos=0, rclksel=5
rclkpos=0, rclksel=6
rclkpos=0, rclksel=7
rclkpos=1, rclksel=0
rclkpos=1, rclksel=1
rclkpos=1, rclksel=2
rclkpos=1, rclksel=3
rclkpos=1, rclksel=4
rclkpos=1, rclksel=5
rclkpos=1, rclksel=6
rclkpos=1, rclksel=7
rclkpos=2, rclksel=0
rclkpos=2, rclksel=1
rclkpos=2, rclksel=2
rclkpos=2, rclksel=3
rclkpos=2, rclksel=4
rclkpos=2, rclksel=5
rclkpos=2, rclksel=6
rclkpos=2, rclksel=7
rclkpos=3, rclksel=0
rclkpos=3, rclksel=1
rclkpos=3, rclksel=2
rclkpos=3, rclksel=3
rclkpos=3, rclksel=4
rclkpos=3, rclksel=5
rclkpos=3, rclksel=6
rclkpos=3, rclksel=7
rclkpos=0, rclksel=0
rclkpos=0, rclksel=1
rclkpos=0, rclksel=2
rclkpos=0, rclksel=3
rclkpos=0, rclksel=4
   TR fsm=1 q=8 f=0 icyc=1 qpop=0 rdy=0 needact=0 needref=0 rdpipe=10010010 rowv=1 banko=1 s_cyc=0 host=638 recvd=627
rclkpos=0, rclksel=5
rclkpos=0, rclksel=6
rclkpos=0, rclksel=7
rclkpos=1, rclksel=0
rclkpos=1, rclksel=1
rclkpos=1, rclksel=2
rclkpos=1, rclksel=3
rclkpos=1, rclksel=4
rclkpos=1, rclksel=5
rclkpos=1, rclksel=6
rclkpos=1, rclksel=7
rclkpos=2, rclksel=0
rclkpos=2, rclksel=1
rclkpos=2, rclksel=2
rclkpos=2, rclksel=3
rclkpos=2, rclksel=4
rclkpos=2, rclksel=5
rclkpos=2, rclksel=6
rclkpos=2, rclksel=7
rclkpos=3, rclksel=0
rclkpos=3, rclksel=1
rclkpos=3, rclksel=2
rclkpos=3, rclksel=3
rclkpos=3, rclksel=4
rclkpos=3, rclksel=5
rclkpos=3, rclksel=6
rclkpos=3, rclksel=7
rclkpos=0, rclksel=0
rclkpos=0, rclksel=1
rclkpos=0, rclksel=2
rclkpos=0, rclksel=3
rclkpos=0, rclksel=4
rclkpos=0, rclksel=5
rclkpos=0, rclksel=6
rclkpos=0, rclksel=7
rclkpos=1, rclksel=0
rclkpos=1, rclksel=1
rclkpos=1, rclksel=2
rclkpos=1, rclksel=3
rclkpos=1, rclksel=4
rclkpos=1, rclksel=5
rclkpos=1, rclksel=6
rclkpos=1, rclksel=7
rclkpos=2, rclksel=0
rclkpos=2, rclksel=1
rclkpos=2, rclksel=2
rclkpos=2, rclksel=3
rclkpos=2, rclksel=4
rclkpos=2, rclksel=5
rclkpos=2, rclksel=6
rclkpos=2, rclksel=7
rclkpos=3, rclksel=0
rclkpos=3, rclksel=1
rclkpos=3, rclksel=2
rclkpos=3, rclksel=3
rclkpos=3, rclksel=4
rclkpos=3, rclksel=5
rclkpos=3, rclksel=6
rclkpos=3, rclksel=7
rclkpos=0, rclksel=0
rclkpos=0, rclksel=1
rclkpos=0, rclksel=2
rclkpos=0, rclksel=3
rclkpos=0, rclksel=4
rclkpos=0, rclksel=5
rclkpos=0, rclksel=6
rclkpos=0, rclksel=7
rclkpos=1, rclksel=0
rclkpos=1, rclksel=1
rclkpos=1, rclksel=2
rclkpos=1, rclksel=3
rclkpos=1, rclksel=4
rclkpos=1, rclksel=5
rclkpos=1, rclksel=6
rclkpos=1, rclksel=7
rclkpos=2, rclksel=0
rclkpos=2, rclksel=1
rclkpos=2, rclksel=2
rclkpos=2, rclksel=3
rclkpos=2, rclksel=4
rclkpos=2, rclksel=5
rclkpos=2, rclksel=6
rclkpos=2, rclksel=7
rclkpos=3, rclksel=0
rclkpos=3, rclksel=1
rclkpos=3, rclksel=2
rclkpos=3, rclksel=3
rclkpos=3, rclksel=4
rclkpos=3, rclksel=5
rclkpos=3, rclksel=6
rclkpos=3, rclksel=7
rclkpos=0, rclksel=0
rclkpos=0, rclksel=1
rclkpos=0, rclksel=2
rclkpos=0, rclksel=3
rclkpos=0, rclksel=4
rclkpos=0, rclksel=5
rclkpos=0, rclksel=6
rclkpos=0, rclksel=7
rclkpos=1, rclksel=0
rclkpos=1, rclksel=1
rclkpos=1, rclksel=2
rclkpos=1, rclksel=3
rclkpos=1, rclksel=4
rclkpos=1, rclksel=5
rclkpos=1, rclksel=6
rclkpos=1, rclksel=7
rclkpos=2, rclksel=0
rclkpos=2, rclksel=1
rclkpos=2, rclksel=2
rclkpos=2, rclksel=3
rclkpos=2, rclksel=4
rclkpos=2, rclksel=5
rclkpos=2, rclksel=6
rclkpos=2, rclksel=7
rclkpos=3, rclksel=0
rclkpos=3, rclksel=1
rclkpos=3, rclksel=2
rclkpos=3, rclksel=3
rclkpos=3, rclksel=4
rclkpos=3, rclksel=5
rclkpos=3, rclksel=6
rclkpos=3, rclksel=7
rclkpos=0, rclksel=0
rclkpos=0, rclksel=1
rclkpos=0, rclksel=2
rclkpos=0, rclksel=3
rclkpos=0, rclksel=4
rclkpos=0, rclksel=5
rclkpos=0, rclksel=6
rclkpos=0, rclksel=7
rclkpos=1, rclksel=0
rclkpos=1, rclksel=1
rclkpos=1, rclksel=2
rclkpos=1, rclksel=3
rclkpos=1, rclksel=4
rclkpos=1, rclksel=5
rclkpos=1, rclksel=6
rclkpos=1, rclksel=7
rclkpos=2, rclksel=0
rclkpos=2, rclksel=1
rclkpos=2, rclksel=2
rclkpos=2, rclksel=3
rclkpos=2, rclksel=4
rclkpos=2, rclksel=5
rclkpos=2, rclksel=6
rclkpos=2, rclksel=7
rclkpos=3, rclksel=0
rclkpos=3, rclksel=1
rclkpos=3, rclksel=2
rclkpos=3, rclksel=3
rclkpos=3, rclksel=4
rclkpos=3, rclksel=5
rclkpos=3, rclksel=6
rclkpos=3, rclksel=7
rclkpos=0, rclksel=0
rclkpos=0, rclksel=1
rclkpos=0, rclksel=2
rclkpos=0, rclksel=3
rclkpos=0, rclksel=4
rclkpos=0, rclksel=5
rclkpos=0, rclksel=6
rclkpos=0, rclksel=7
rclkpos=1, rclksel=0
rclkpos=1, rclksel=1
rclkpos=1, rclksel=2
rclkpos=1, rclksel=3
rclkpos=1, rclksel=4
rclkpos=1, rclksel=5
rclkpos=1, rclksel=6
rclkpos=1, rclksel=7
rclkpos=2, rclksel=0
rclkpos=2, rclksel=1
rclkpos=2, rclksel=2
rclkpos=2, rclksel=3
rclkpos=2, rclksel=4
rclkpos=2, rclksel=5
rclkpos=2, rclksel=6
rclkpos=2, rclksel=7
rclkpos=3, rclksel=0
rclkpos=3, rclksel=1
rclkpos=3, rclksel=2
   TR fsm=1 q=7 f=0 icyc=2 qpop=0 rdy=1 needact=0 needref=0 rdpipe=01001001 rowv=1 banko=1 s_cyc=0 host=1279 recvd=1269
rclkpos=3, rclksel=3
rclkpos=3, rclksel=4
rclkpos=3, rclksel=5
rclkpos=3, rclksel=6
rclkpos=3, rclksel=7
rclkpos=0, rclksel=0
rclkpos=0, rclksel=1
rclkpos=0, rclksel=2
rclkpos=0, rclksel=3
rclkpos=0, rclksel=4
rclkpos=0, rclksel=5
rclkpos=0, rclksel=6
rclkpos=0, rclksel=7
rclkpos=1, rclksel=0
rclkpos=1, rclksel=1
rclkpos=1, rclksel=2
rclkpos=1, rclksel=3
rclkpos=1, rclksel=4
rclkpos=1, rclksel=5
rclkpos=1, rclksel=6
rclkpos=1, rclksel=7
rclkpos=2, rclksel=0
rclkpos=2, rclksel=1
rclkpos=2, rclksel=2
rclkpos=2, rclksel=3
rclkpos=2, rclksel=4
rclkpos=2, rclksel=5
rclkpos=2, rclksel=6
rclkpos=2, rclksel=7
rclkpos=3, rclksel=0
rclkpos=3, rclksel=1
rclkpos=3, rclksel=2
rclkpos=3, rclksel=3
rclkpos=3, rclksel=4
rclkpos=3, rclksel=5
rclkpos=3, rclksel=6
rclkpos=3, rclksel=7
rclkpos=0, rclksel=0
rclkpos=0, rclksel=1
rclkpos=0, rclksel=2
rclkpos=0, rclksel=3
rclkpos=0, rclksel=4
rclkpos=0, rclksel=5
rclkpos=0, rclksel=6
rclkpos=0, rclksel=7
rclkpos=1, rclksel=0
rclkpos=1, rclksel=1
rclkpos=1, rclksel=2
rclkpos=1, rclksel=3
rclkpos=1, rclksel=4
rclkpos=1, rclksel=5
rclkpos=1, rclksel=6
rclkpos=1, rclksel=7
rclkpos=2, rclksel=0
rclkpos=2, rclksel=1
rclkpos=2, rclksel=2
rclkpos=2, rclksel=3
rclkpos=2, rclksel=4
rclkpos=2, rclksel=5
rclkpos=2, rclksel=6
rclkpos=2, rclksel=7
rclkpos=3, rclksel=0
rclkpos=3, rclksel=1
rclkpos=3, rclksel=2
rclkpos=3, rclksel=3
rclkpos=3, rclksel=4
rclkpos=3, rclksel=5
rclkpos=3, rclksel=6
rclkpos=3, rclksel=7
rclkpos=0, rclksel=0
rclkpos=0, rclksel=1
rclkpos=0, rclksel=2
rclkpos=0, rclksel=3
rclkpos=0, rclksel=4
rclkpos=0, rclksel=5
rclkpos=0, rclksel=6
rclkpos=0, rclksel=7
rclkpos=1, rclksel=0
rclkpos=1, rclksel=1
rclkpos=1, rclksel=2
rclkpos=1, rclksel=3
rclkpos=1, rclksel=4
rclkpos=1, rclksel=5
rclkpos=1, rclksel=6
rclkpos=1, rclksel=7
rclkpos=2, rclksel=0
rclkpos=2, rclksel=1
rclkpos=2, rclksel=2
rclkpos=2, rclksel=3
rclkpos=2, rclksel=4
rclkpos=2, rclksel=5
rclkpos=2, rclksel=6
rclkpos=2, rclksel=7
rclkpos=3, rclksel=0
rclkpos=3, rclksel=1
rclkpos=3, rclksel=2
rclkpos=3, rclksel=3
rclkpos=3, rclksel=4
rclkpos=3, rclksel=5
rclkpos=3, rclksel=6
rclkpos=3, rclksel=7
rclkpos=0, rclksel=0
rclkpos=0, rclksel=1
rclkpos=0, rclksel=2
rclkpos=0, rclksel=3
rclkpos=0, rclksel=4
rclkpos=0, rclksel=5
rclkpos=0, rclksel=6
rclkpos=0, rclksel=7
rclkpos=1, rclksel=0
rclkpos=1, rclksel=1
rclkpos=1, rclksel=2
rclkpos=1, rclksel=3
rclkpos=1, rclksel=4
rclkpos=1, rclksel=5
rclkpos=1, rclksel=6
rclkpos=1, rclksel=7
rclkpos=2, rclksel=0
rclkpos=2, rclksel=1
rclkpos=2, rclksel=2
rclkpos=2, rclksel=3
rclkpos=2, rclksel=4
rclkpos=2, rclksel=5
rclkpos=2, rclksel=6
rclkpos=2, rclksel=7
rclkpos=3, rclksel=0
rclkpos=3, rclksel=1
rclkpos=3, rclksel=2
rclkpos=3, rclksel=3
rclkpos=3, rclksel=4
rclkpos=3, rclksel=5
rclkpos=3, rclksel=6
rclkpos=3, rclksel=7
rclkpos=0, rclksel=0
rclkpos=0, rclksel=1
rclkpos=0, rclksel=2
rclkpos=0, rclksel=3
rclkpos=0, rclksel=4
rclkpos=0, rclksel=5
rclkpos=0, rclksel=6
rclkpos=0, rclksel=7
rclkpos=1, rclksel=0
rclkpos=1, rclksel=1
rclkpos=1, rclksel=2
rclkpos=1, rclksel=3
rclkpos=1, rclksel=4
rclkpos=1, rclksel=5
rclkpos=1, rclksel=6
rclkpos=1, rclksel=7
rclkpos=2, rclksel=0
rclkpos=2, rclksel=1
rclkpos=2, rclksel=2
rclkpos=2, rclksel=3
rclkpos=2, rclksel=4
rclkpos=2, rclksel=5
DDR3-MODEL t=100463750 refreshes=0 rfp_violations=0
rclkpos=2, rclksel=6
rclkpos=2, rclksel=7
rclkpos=3, rclksel=0
rclkpos=3, rclksel=1
rclkpos=3, rclksel=2
rclkpos=3, rclksel=3
rclkpos=3, rclksel=4
rclkpos=3, rclksel=5
rclkpos=3, rclksel=6
rclkpos=3, rclksel=7
rclkpos=0, rclksel=0
rclkpos=0, rclksel=1
rclkpos=0, rclksel=2
rclkpos=0, rclksel=3
rclkpos=0, rclksel=4
rclkpos=0, rclksel=5
rclkpos=0, rclksel=6
rclkpos=0, rclksel=7
rclkpos=1, rclksel=0
rclkpos=1, rclksel=1
rclkpos=1, rclksel=2
rclkpos=1, rclksel=3
rclkpos=1, rclksel=4
rclkpos=1, rclksel=5
rclkpos=1, rclksel=6
rclkpos=1, rclksel=7
   TR fsm=1 q=8 f=1 icyc=0 qpop=1 rdy=0 needact=0 needref=0 rdpipe=00100100 rowv=1 banko=1 s_cyc=0 host=1911 recvd=1900
rclkpos=2, rclksel=0
rclkpos=2, rclksel=1
rclkpos=2, rclksel=2
rclkpos=2, rclksel=3
rclkpos=2, rclksel=4
rclkpos=2, rclksel=5
rclkpos=2, rclksel=6
rclkpos=2, rclksel=7
rclkpos=3, rclksel=0
rclkpos=3, rclksel=1
rclkpos=3, rclksel=2
rclkpos=3, rclksel=3
rclkpos=3, rclksel=4
rclkpos=3, rclksel=5
rclkpos=3, rclksel=6
rclkpos=3, rclksel=7
rclkpos=0, rclksel=0
rclkpos=0, rclksel=1
rclkpos=0, rclksel=2
rclkpos=0, rclksel=3
rclkpos=0, rclksel=4
rclkpos=0, rclksel=5
rclkpos=0, rclksel=6
rclkpos=0, rclksel=7
rclkpos=1, rclksel=0
rclkpos=1, rclksel=1
rclkpos=1, rclksel=2
rclkpos=1, rclksel=3
rclkpos=1, rclksel=4
rclkpos=1, rclksel=5
rclkpos=1, rclksel=6
rclkpos=1, rclksel=7
rclkpos=2, rclksel=0
rclkpos=2, rclksel=1
rclkpos=2, rclksel=2
rclkpos=2, rclksel=3
rclkpos=2, rclksel=4
rclkpos=2, rclksel=5
rclkpos=2, rclksel=6
rclkpos=2, rclksel=7
rclkpos=3, rclksel=0
rclkpos=3, rclksel=1
rclkpos=3, rclksel=2
rclkpos=3, rclksel=3
rclkpos=3, rclksel=4
rclkpos=3, rclksel=5
rclkpos=3, rclksel=6
rclkpos=3, rclksel=7
rclkpos=0, rclksel=0
rclkpos=0, rclksel=1
rclkpos=0, rclksel=2
rclkpos=0, rclksel=3
rclkpos=0, rclksel=4
rclkpos=0, rclksel=5
rclkpos=0, rclksel=6
rclkpos=0, rclksel=7
rclkpos=1, rclksel=0
rclkpos=1, rclksel=1
rclkpos=1, rclksel=2
rclkpos=1, rclksel=3
rclkpos=1, rclksel=4
rclkpos=1, rclksel=5
rclkpos=1, rclksel=6
rclkpos=1, rclksel=7
rclkpos=2, rclksel=0
rclkpos=2, rclksel=1
rclkpos=2, rclksel=2
rclkpos=2, rclksel=3
rclkpos=2, rclksel=4
rclkpos=2, rclksel=5
rclkpos=2, rclksel=6
rclkpos=2, rclksel=7
rclkpos=3, rclksel=0
rclkpos=3, rclksel=1
rclkpos=3, rclksel=2
rclkpos=3, rclksel=3
rclkpos=3, rclksel=4
rclkpos=3, rclksel=5
rclkpos=3, rclksel=6
rclkpos=3, rclksel=7
rclkpos=0, rclksel=0
rclkpos=0, rclksel=1
rclkpos=0, rclksel=2
rclkpos=0, rclksel=3
rclkpos=0, rclksel=4
rclkpos=0, rclksel=5
rclkpos=0, rclksel=6
rclkpos=0, rclksel=7
rclkpos=1, rclksel=0
rclkpos=1, rclksel=1
rclkpos=1, rclksel=2
rclkpos=1, rclksel=3
rclkpos=1, rclksel=4
rclkpos=1, rclksel=5
rclkpos=1, rclksel=6
rclkpos=1, rclksel=7
rclkpos=2, rclksel=0
rclkpos=2, rclksel=1
rclkpos=2, rclksel=2
rclkpos=2, rclksel=3
rclkpos=2, rclksel=4
rclkpos=2, rclksel=5
rclkpos=2, rclksel=6
rclkpos=2, rclksel=7
rclkpos=3, rclksel=0
rclkpos=3, rclksel=1
rclkpos=3, rclksel=2
rclkpos=3, rclksel=3
rclkpos=3, rclksel=4
rclkpos=3, rclksel=5
rclkpos=3, rclksel=6
rclkpos=3, rclksel=7
rclkpos=0, rclksel=0
rclkpos=0, rclksel=1
rclkpos=0, rclksel=2
rclkpos=0, rclksel=3
rclkpos=0, rclksel=4
rclkpos=0, rclksel=5
rclkpos=0, rclksel=6
rclkpos=0, rclksel=7
rclkpos=1, rclksel=0
rclkpos=1, rclksel=1
rclkpos=1, rclksel=2
rclkpos=1, rclksel=3
rclkpos=1, rclksel=4
rclkpos=1, rclksel=5
rclkpos=1, rclksel=6
rclkpos=1, rclksel=7
rclkpos=2, rclksel=0
rclkpos=2, rclksel=1
rclkpos=2, rclksel=2
rclkpos=2, rclksel=3
rclkpos=2, rclksel=4
rclkpos=2, rclksel=5
rclkpos=2, rclksel=6
rclkpos=2, rclksel=7
rclkpos=3, rclksel=0
rclkpos=3, rclksel=1
rclkpos=3, rclksel=2
rclkpos=3, rclksel=3
rclkpos=3, rclksel=4
rclkpos=3, rclksel=5
rclkpos=3, rclksel=6
rclkpos=3, rclksel=7
rclkpos=0, rclksel=0
rclkpos=0, rclksel=1
rclkpos=0, rclksel=2
rclkpos=0, rclksel=3
rclkpos=0, rclksel=4
rclkpos=0, rclksel=5
rclkpos=0, rclksel=6
rclkpos=0, rclksel=7
rclkpos=1, rclksel=0
rclkpos=1, rclksel=1
rclkpos=1, rclksel=2
rclkpos=1, rclksel=3
rclkpos=1, rclksel=4
rclkpos=1, rclksel=5
rclkpos=1, rclksel=6
rclkpos=1, rclksel=7
rclkpos=2, rclksel=0
rclkpos=2, rclksel=1
rclkpos=2, rclksel=2
rclkpos=2, rclksel=3
rclkpos=2, rclksel=4
rclkpos=2, rclksel=5
rclkpos=2, rclksel=6
rclkpos=2, rclksel=7
rclkpos=3, rclksel=0
rclkpos=3, rclksel=1
rclkpos=3, rclksel=2
rclkpos=3, rclksel=3
rclkpos=3, rclksel=4
rclkpos=3, rclksel=5
rclkpos=3, rclksel=6
rclkpos=3, rclksel=7
rclkpos=0, rclksel=0
rclkpos=0, rclksel=1
rclkpos=0, rclksel=2
rclkpos=0, rclksel=3
rclkpos=0, rclksel=4
rclkpos=0, rclksel=5
   TR fsm=1 q=8 f=0 icyc=1 qpop=0 rdy=0 needact=0 needref=0 rdpipe=10010010 rowv=1 banko=1 s_cyc=0 host=2553 recvd=2542
rclkpos=0, rclksel=6
rclkpos=0, rclksel=7
rclkpos=1, rclksel=0
rclkpos=1, rclksel=1
rclkpos=1, rclksel=2
rclkpos=1, rclksel=3
rclkpos=1, rclksel=4
rclkpos=1, rclksel=5
rclkpos=1, rclksel=6
rclkpos=1, rclksel=7
rclkpos=2, rclksel=0
rclkpos=2, rclksel=1
rclkpos=2, rclksel=2
rclkpos=2, rclksel=3
rclkpos=2, rclksel=4
rclkpos=2, rclksel=5
rclkpos=2, rclksel=6
rclkpos=2, rclksel=7
rclkpos=3, rclksel=0
rclkpos=3, rclksel=1
rclkpos=3, rclksel=2
rclkpos=3, rclksel=3
rclkpos=3, rclksel=4
rclkpos=3, rclksel=5
rclkpos=3, rclksel=6
rclkpos=3, rclksel=7
rclkpos=0, rclksel=0
rclkpos=0, rclksel=1
rclkpos=0, rclksel=2
rclkpos=0, rclksel=3
rclkpos=0, rclksel=4
rclkpos=0, rclksel=5
rclkpos=0, rclksel=6
rclkpos=0, rclksel=7
rclkpos=1, rclksel=0
rclkpos=1, rclksel=1
rclkpos=1, rclksel=2
rclkpos=1, rclksel=3
rclkpos=1, rclksel=4
rclkpos=1, rclksel=5
rclkpos=1, rclksel=6
rclkpos=1, rclksel=7
rclkpos=2, rclksel=0
rclkpos=2, rclksel=1
rclkpos=2, rclksel=2
rclkpos=2, rclksel=3
rclkpos=2, rclksel=4
rclkpos=2, rclksel=5
rclkpos=2, rclksel=6
rclkpos=2, rclksel=7
rclkpos=3, rclksel=0
rclkpos=3, rclksel=1
rclkpos=3, rclksel=2
rclkpos=3, rclksel=3
rclkpos=3, rclksel=4
rclkpos=3, rclksel=5
rclkpos=3, rclksel=6
rclkpos=3, rclksel=7
rclkpos=0, rclksel=0
rclkpos=0, rclksel=1
rclkpos=0, rclksel=2
rclkpos=0, rclksel=3
rclkpos=0, rclksel=4
rclkpos=0, rclksel=5
rclkpos=0, rclksel=6
rclkpos=0, rclksel=7
rclkpos=1, rclksel=0
rclkpos=1, rclksel=1
rclkpos=1, rclksel=2
rclkpos=1, rclksel=3
rclkpos=1, rclksel=4
rclkpos=1, rclksel=5
rclkpos=1, rclksel=6
rclkpos=1, rclksel=7
rclkpos=2, rclksel=0
rclkpos=2, rclksel=1
rclkpos=2, rclksel=2
rclkpos=2, rclksel=3
rclkpos=2, rclksel=4
rclkpos=2, rclksel=5
rclkpos=2, rclksel=6
rclkpos=2, rclksel=7
rclkpos=3, rclksel=0
rclkpos=3, rclksel=1
rclkpos=3, rclksel=2
rclkpos=3, rclksel=3
rclkpos=3, rclksel=4
rclkpos=3, rclksel=5
rclkpos=3, rclksel=6
rclkpos=3, rclksel=7
rclkpos=0, rclksel=0
rclkpos=0, rclksel=1
rclkpos=0, rclksel=2
rclkpos=0, rclksel=3
rclkpos=0, rclksel=4
rclkpos=0, rclksel=5
rclkpos=0, rclksel=6
rclkpos=0, rclksel=7
rclkpos=1, rclksel=0
rclkpos=1, rclksel=1
rclkpos=1, rclksel=2
rclkpos=1, rclksel=3
rclkpos=1, rclksel=4
rclkpos=1, rclksel=5
rclkpos=1, rclksel=6
rclkpos=1, rclksel=7
rclkpos=2, rclksel=0
rclkpos=2, rclksel=1
rclkpos=2, rclksel=2
rclkpos=2, rclksel=3
rclkpos=2, rclksel=4
rclkpos=2, rclksel=5
rclkpos=2, rclksel=6
rclkpos=2, rclksel=7
rclkpos=3, rclksel=0
rclkpos=3, rclksel=1
rclkpos=3, rclksel=2
rclkpos=3, rclksel=3
rclkpos=3, rclksel=4
rclkpos=3, rclksel=5
rclkpos=3, rclksel=6
rclkpos=3, rclksel=7
rclkpos=0, rclksel=0
rclkpos=0, rclksel=1
rclkpos=0, rclksel=2
rclkpos=0, rclksel=3
rclkpos=0, rclksel=4
rclkpos=0, rclksel=5
rclkpos=0, rclksel=6
rclkpos=0, rclksel=7
rclkpos=1, rclksel=0
rclkpos=1, rclksel=1
rclkpos=1, rclksel=2
rclkpos=1, rclksel=3
rclkpos=1, rclksel=4
rclkpos=1, rclksel=5
rclkpos=1, rclksel=6
rclkpos=1, rclksel=7
rclkpos=2, rclksel=0
rclkpos=2, rclksel=1
rclkpos=2, rclksel=2
rclkpos=2, rclksel=3
rclkpos=2, rclksel=4
rclkpos=2, rclksel=5
rclkpos=2, rclksel=6
rclkpos=2, rclksel=7
rclkpos=3, rclksel=0
rclkpos=3, rclksel=1
rclkpos=3, rclksel=2
rclkpos=3, rclksel=3
rclkpos=3, rclksel=4
rclkpos=3, rclksel=5
rclkpos=3, rclksel=6
rclkpos=3, rclksel=7
rclkpos=0, rclksel=0
rclkpos=0, rclksel=1
rclkpos=0, rclksel=2
rclkpos=0, rclksel=3
rclkpos=0, rclksel=4
rclkpos=0, rclksel=5
rclkpos=0, rclksel=6
rclkpos=0, rclksel=7
rclkpos=1, rclksel=0
rclkpos=1, rclksel=1
rclkpos=1, rclksel=2
rclkpos=1, rclksel=3
rclkpos=1, rclksel=4
rclkpos=1, rclksel=5
rclkpos=1, rclksel=6
rclkpos=1, rclksel=7
rclkpos=2, rclksel=0
rclkpos=2, rclksel=1
rclkpos=2, rclksel=2
rclkpos=2, rclksel=3
rclkpos=2, rclksel=4
rclkpos=2, rclksel=5
rclkpos=2, rclksel=6
rclkpos=2, rclksel=7
rclkpos=3, rclksel=0
rclkpos=3, rclksel=1
rclkpos=3, rclksel=2
rclkpos=3, rclksel=3
   TR fsm=1 q=7 f=0 icyc=2 qpop=0 rdy=1 needact=0 needref=0 rdpipe=01001001 rowv=1 banko=1 s_cyc=0 host=3184 recvd=3174
rclkpos=3, rclksel=4
rclkpos=3, rclksel=5
rclkpos=3, rclksel=6
rclkpos=3, rclksel=7
rclkpos=0, rclksel=0
rclkpos=0, rclksel=1
rclkpos=0, rclksel=2
rclkpos=0, rclksel=3
rclkpos=0, rclksel=4
rclkpos=0, rclksel=5
rclkpos=0, rclksel=6
rclkpos=0, rclksel=7
rclkpos=1, rclksel=0
rclkpos=1, rclksel=1
rclkpos=1, rclksel=2
rclkpos=1, rclksel=3
rclkpos=1, rclksel=4
rclkpos=1, rclksel=5
rclkpos=1, rclksel=6
rclkpos=1, rclksel=7
rclkpos=2, rclksel=0
rclkpos=2, rclksel=1
rclkpos=2, rclksel=2
rclkpos=2, rclksel=3
rclkpos=2, rclksel=4
rclkpos=2, rclksel=5
rclkpos=2, rclksel=6
rclkpos=2, rclksel=7
rclkpos=3, rclksel=0
rclkpos=3, rclksel=1
rclkpos=3, rclksel=2
rclkpos=3, rclksel=3
rclkpos=3, rclksel=4
rclkpos=3, rclksel=5
rclkpos=3, rclksel=6
rclkpos=3, rclksel=7
rclkpos=0, rclksel=0
rclkpos=0, rclksel=1
rclkpos=0, rclksel=2
rclkpos=0, rclksel=3
rclkpos=0, rclksel=4
rclkpos=0, rclksel=5
rclkpos=0, rclksel=6
rclkpos=0, rclksel=7
rclkpos=1, rclksel=0
rclkpos=1, rclksel=1
rclkpos=1, rclksel=2
rclkpos=1, rclksel=3
rclkpos=1, rclksel=4
rclkpos=1, rclksel=5
rclkpos=1, rclksel=6
rclkpos=1, rclksel=7
rclkpos=2, rclksel=0
rclkpos=2, rclksel=1
rclkpos=2, rclksel=2
rclkpos=2, rclksel=3
rclkpos=2, rclksel=4
rclkpos=2, rclksel=5
rclkpos=2, rclksel=6
rclkpos=2, rclksel=7
rclkpos=3, rclksel=0
rclkpos=3, rclksel=1
rclkpos=3, rclksel=2
rclkpos=3, rclksel=3
DDR3-MODEL t=150463750 refreshes=0 rfp_violations=0
rclkpos=3, rclksel=4
rclkpos=3, rclksel=5
rclkpos=3, rclksel=6
rclkpos=3, rclksel=7
rclkpos=0, rclksel=0
rclkpos=0, rclksel=1
rclkpos=0, rclksel=2
rclkpos=0, rclksel=3
rclkpos=0, rclksel=4
rclkpos=0, rclksel=5
rclkpos=0, rclksel=6
rclkpos=0, rclksel=7
rclkpos=1, rclksel=0
rclkpos=1, rclksel=1
rclkpos=1, rclksel=2
rclkpos=1, rclksel=3
rclkpos=1, rclksel=4
rclkpos=1, rclksel=5
rclkpos=1, rclksel=6
rclkpos=1, rclksel=7
rclkpos=2, rclksel=0
rclkpos=2, rclksel=1
rclkpos=2, rclksel=2
rclkpos=2, rclksel=3
rclkpos=2, rclksel=4
rclkpos=2, rclksel=5
rclkpos=2, rclksel=6
rclkpos=2, rclksel=7
rclkpos=3, rclksel=0
rclkpos=3, rclksel=1
rclkpos=3, rclksel=2
rclkpos=3, rclksel=3
rclkpos=3, rclksel=4
rclkpos=3, rclksel=5
rclkpos=3, rclksel=6
rclkpos=3, rclksel=7
rclkpos=0, rclksel=0
rclkpos=0, rclksel=1
rclkpos=0, rclksel=2
rclkpos=0, rclksel=3
rclkpos=0, rclksel=4
rclkpos=0, rclksel=5
rclkpos=0, rclksel=6
rclkpos=0, rclksel=7
rclkpos=1, rclksel=0
rclkpos=1, rclksel=1
rclkpos=1, rclksel=2
rclkpos=1, rclksel=3
rclkpos=1, rclksel=4
rclkpos=1, rclksel=5
rclkpos=1, rclksel=6
rclkpos=1, rclksel=7
rclkpos=2, rclksel=0
rclkpos=2, rclksel=1
rclkpos=2, rclksel=2
rclkpos=2, rclksel=3
rclkpos=2, rclksel=4
rclkpos=2, rclksel=5
rclkpos=2, rclksel=6
rclkpos=2, rclksel=7
rclkpos=3, rclksel=0
rclkpos=3, rclksel=1
rclkpos=3, rclksel=2
rclkpos=3, rclksel=3
rclkpos=3, rclksel=4
rclkpos=3, rclksel=5
rclkpos=3, rclksel=6
rclkpos=3, rclksel=7
rclkpos=0, rclksel=0
rclkpos=0, rclksel=1
rclkpos=0, rclksel=2
rclkpos=0, rclksel=3
rclkpos=0, rclksel=4
rclkpos=0, rclksel=5
rclkpos=0, rclksel=6
rclkpos=0, rclksel=7
rclkpos=1, rclksel=0
rclkpos=1, rclksel=1
rclkpos=1, rclksel=2
rclkpos=1, rclksel=3
rclkpos=1, rclksel=4
rclkpos=1, rclksel=5
rclkpos=1, rclksel=6
rclkpos=1, rclksel=7
rclkpos=2, rclksel=0
rclkpos=2, rclksel=1
rclkpos=2, rclksel=2
rclkpos=2, rclksel=3
rclkpos=2, rclksel=4
rclkpos=2, rclksel=5
rclkpos=2, rclksel=6
rclkpos=2, rclksel=7
rclkpos=3, rclksel=0
rclkpos=3, rclksel=1
rclkpos=3, rclksel=2
rclkpos=3, rclksel=3
rclkpos=3, rclksel=4
rclkpos=3, rclksel=5
rclkpos=3, rclksel=6
rclkpos=3, rclksel=7
rclkpos=0, rclksel=0
rclkpos=0, rclksel=1
rclkpos=0, rclksel=2
rclkpos=0, rclksel=3
rclkpos=0, rclksel=4
rclkpos=0, rclksel=5
rclkpos=0, rclksel=6
rclkpos=0, rclksel=7
rclkpos=1, rclksel=0
rclkpos=1, rclksel=1
rclkpos=1, rclksel=2
rclkpos=1, rclksel=3
rclkpos=1, rclksel=4
rclkpos=1, rclksel=5
rclkpos=1, rclksel=6
rclkpos=1, rclksel=7
rclkpos=2, rclksel=0
rclkpos=2, rclksel=1
   TR fsm=1 q=8 f=1 icyc=0 qpop=1 rdy=0 needact=0 needref=0 rdpipe=00100100 rowv=1 banko=1 s_cyc=0 host=3827 recvd=3816
rclkpos=2, rclksel=2
rclkpos=2, rclksel=3
rclkpos=2, rclksel=4
rclkpos=2, rclksel=5
rclkpos=2, rclksel=6
rclkpos=2, rclksel=7
rclkpos=3, rclksel=0
rclkpos=3, rclksel=1
rclkpos=3, rclksel=2
rclkpos=3, rclksel=3
rclkpos=3, rclksel=4
rclkpos=3, rclksel=5
rclkpos=3, rclksel=6
rclkpos=3, rclksel=7
rclkpos=0, rclksel=0
rclkpos=0, rclksel=1
rclkpos=0, rclksel=2
rclkpos=0, rclksel=3
rclkpos=0, rclksel=4
rclkpos=0, rclksel=5
rclkpos=0, rclksel=6
rclkpos=0, rclksel=7
rclkpos=1, rclksel=0
rclkpos=1, rclksel=1
rclkpos=1, rclksel=2
rclkpos=1, rclksel=3
rclkpos=1, rclksel=4
rclkpos=1, rclksel=5
rclkpos=1, rclksel=6
rclkpos=1, rclksel=7
rclkpos=2, rclksel=0
rclkpos=2, rclksel=1
rclkpos=2, rclksel=2
rclkpos=2, rclksel=3
rclkpos=2, rclksel=4
rclkpos=2, rclksel=5
rclkpos=2, rclksel=6
rclkpos=2, rclksel=7
rclkpos=3, rclksel=0
rclkpos=3, rclksel=1
rclkpos=3, rclksel=2
rclkpos=3, rclksel=3
rclkpos=3, rclksel=4
rclkpos=3, rclksel=5
rclkpos=3, rclksel=6
rclkpos=3, rclksel=7
rclkpos=0, rclksel=0
rclkpos=0, rclksel=1
rclkpos=0, rclksel=2
rclkpos=0, rclksel=3
rclkpos=0, rclksel=4
rclkpos=0, rclksel=5
rclkpos=0, rclksel=6
rclkpos=0, rclksel=7
rclkpos=1, rclksel=0
rclkpos=1, rclksel=1
rclkpos=1, rclksel=2
rclkpos=1, rclksel=3
rclkpos=1, rclksel=4
rclkpos=1, rclksel=5
rclkpos=1, rclksel=6
rclkpos=1, rclksel=7
rclkpos=2, rclksel=0
rclkpos=2, rclksel=1
rclkpos=2, rclksel=2
rclkpos=2, rclksel=3
rclkpos=2, rclksel=4
rclkpos=2, rclksel=5
rclkpos=2, rclksel=6
rclkpos=2, rclksel=7
rclkpos=3, rclksel=0
rclkpos=3, rclksel=1
rclkpos=3, rclksel=2
rclkpos=3, rclksel=3
rclkpos=3, rclksel=4
rclkpos=3, rclksel=5
rclkpos=3, rclksel=6
rclkpos=3, rclksel=7
rclkpos=0, rclksel=0
rclkpos=0, rclksel=1
rclkpos=0, rclksel=2
rclkpos=0, rclksel=3
rclkpos=0, rclksel=4
rclkpos=0, rclksel=5
rclkpos=0, rclksel=6
rclkpos=0, rclksel=7
rclkpos=1, rclksel=0
rclkpos=1, rclksel=1
rclkpos=1, rclksel=2
rclkpos=1, rclksel=3
rclkpos=1, rclksel=4
rclkpos=1, rclksel=5
rclkpos=1, rclksel=6
rclkpos=1, rclksel=7
rclkpos=2, rclksel=0
rclkpos=2, rclksel=1
rclkpos=2, rclksel=2
rclkpos=2, rclksel=3
rclkpos=2, rclksel=4
rclkpos=2, rclksel=5
rclkpos=2, rclksel=6
rclkpos=2, rclksel=7
rclkpos=3, rclksel=0
rclkpos=3, rclksel=1
rclkpos=3, rclksel=2
rclkpos=3, rclksel=3
rclkpos=3, rclksel=4
rclkpos=3, rclksel=5
rclkpos=3, rclksel=6
rclkpos=3, rclksel=7
rclkpos=0, rclksel=0
rclkpos=0, rclksel=1
rclkpos=0, rclksel=2
rclkpos=0, rclksel=3
rclkpos=0, rclksel=4
rclkpos=0, rclksel=5
rclkpos=0, rclksel=6
rclkpos=0, rclksel=7
rclkpos=1, rclksel=0
rclkpos=1, rclksel=1
rclkpos=1, rclksel=2
rclkpos=1, rclksel=3
rclkpos=1, rclksel=4
rclkpos=1, rclksel=5
rclkpos=1, rclksel=6
rclkpos=1, rclksel=7
rclkpos=2, rclksel=0
rclkpos=2, rclksel=1
rclkpos=2, rclksel=2
rclkpos=2, rclksel=3
rclkpos=2, rclksel=4
rclkpos=2, rclksel=5
rclkpos=2, rclksel=6
rclkpos=2, rclksel=7
rclkpos=3, rclksel=0
rclkpos=3, rclksel=1
rclkpos=3, rclksel=2
rclkpos=3, rclksel=3
rclkpos=3, rclksel=4
rclkpos=3, rclksel=5
rclkpos=3, rclksel=6
rclkpos=3, rclksel=7
rclkpos=0, rclksel=0
rclkpos=0, rclksel=1
rclkpos=0, rclksel=2
rclkpos=0, rclksel=3
rclkpos=0, rclksel=4
rclkpos=0, rclksel=5
rclkpos=0, rclksel=6
rclkpos=0, rclksel=7
rclkpos=1, rclksel=0
rclkpos=1, rclksel=1
rclkpos=1, rclksel=2
rclkpos=1, rclksel=3
rclkpos=1, rclksel=4
rclkpos=1, rclksel=5
rclkpos=1, rclksel=6
rclkpos=1, rclksel=7
rclkpos=2, rclksel=0
rclkpos=2, rclksel=1
rclkpos=2, rclksel=2
rclkpos=2, rclksel=3
rclkpos=2, rclksel=4
rclkpos=2, rclksel=5
rclkpos=2, rclksel=6
rclkpos=2, rclksel=7
rclkpos=3, rclksel=0
rclkpos=3, rclksel=1
rclkpos=3, rclksel=2
rclkpos=3, rclksel=3
rclkpos=3, rclksel=4
rclkpos=3, rclksel=5
rclkpos=3, rclksel=6
rclkpos=3, rclksel=7
rclkpos=0, rclksel=0
rclkpos=0, rclksel=1
rclkpos=0, rclksel=2
rclkpos=0, rclksel=3
rclkpos=0, rclksel=4
rclkpos=0, rclksel=5
rclkpos=0, rclksel=6
rclkpos=0, rclksel=7
   TR fsm=1 q=8 f=0 icyc=1 qpop=0 rdy=0 needact=0 needref=0 rdpipe=10010010 rowv=1 banko=1 s_cyc=0 host=4459 recvd=4448
rclkpos=1, rclksel=0
rclkpos=1, rclksel=1
rclkpos=1, rclksel=2
rclkpos=1, rclksel=3
rclkpos=1, rclksel=4
rclkpos=1, rclksel=5
rclkpos=1, rclksel=6
rclkpos=1, rclksel=7
rclkpos=2, rclksel=0
rclkpos=2, rclksel=1
rclkpos=2, rclksel=2
rclkpos=2, rclksel=3
rclkpos=2, rclksel=4
rclkpos=2, rclksel=5
rclkpos=2, rclksel=6
rclkpos=2, rclksel=7
rclkpos=3, rclksel=0
rclkpos=3, rclksel=1
rclkpos=3, rclksel=2
rclkpos=3, rclksel=3
rclkpos=3, rclksel=4
rclkpos=3, rclksel=5
rclkpos=3, rclksel=6
rclkpos=3, rclksel=7
rclkpos=0, rclksel=0
rclkpos=0, rclksel=1
rclkpos=0, rclksel=2
rclkpos=0, rclksel=3
rclkpos=0, rclksel=4
rclkpos=0, rclksel=5
rclkpos=0, rclksel=6
rclkpos=0, rclksel=7
rclkpos=1, rclksel=0
rclkpos=1, rclksel=1
rclkpos=1, rclksel=2
rclkpos=1, rclksel=3
rclkpos=1, rclksel=4
rclkpos=1, rclksel=5
rclkpos=1, rclksel=6
rclkpos=1, rclksel=7
rclkpos=2, rclksel=0
rclkpos=2, rclksel=1
rclkpos=2, rclksel=2
rclkpos=2, rclksel=3
rclkpos=2, rclksel=4
rclkpos=2, rclksel=5
rclkpos=2, rclksel=6
rclkpos=2, rclksel=7
rclkpos=3, rclksel=0
rclkpos=3, rclksel=1
rclkpos=3, rclksel=2
rclkpos=3, rclksel=3
rclkpos=3, rclksel=4
rclkpos=3, rclksel=5
rclkpos=3, rclksel=6
rclkpos=3, rclksel=7
rclkpos=0, rclksel=0
rclkpos=0, rclksel=1
rclkpos=0, rclksel=2
rclkpos=0, rclksel=3
rclkpos=0, rclksel=4
rclkpos=0, rclksel=5
rclkpos=0, rclksel=6
rclkpos=0, rclksel=7
rclkpos=1, rclksel=0
rclkpos=1, rclksel=1
rclkpos=1, rclksel=2
rclkpos=1, rclksel=3
rclkpos=1, rclksel=4
rclkpos=1, rclksel=5
rclkpos=1, rclksel=6
rclkpos=1, rclksel=7
rclkpos=2, rclksel=0
rclkpos=2, rclksel=1
rclkpos=2, rclksel=2
rclkpos=2, rclksel=3
rclkpos=2, rclksel=4
rclkpos=2, rclksel=5
rclkpos=2, rclksel=6
rclkpos=2, rclksel=7
rclkpos=3, rclksel=0
rclkpos=3, rclksel=1
rclkpos=3, rclksel=2
rclkpos=3, rclksel=3
rclkpos=3, rclksel=4
rclkpos=3, rclksel=5
rclkpos=3, rclksel=6
rclkpos=3, rclksel=7
rclkpos=0, rclksel=0
rclkpos=0, rclksel=1
rclkpos=0, rclksel=2
rclkpos=0, rclksel=3
rclkpos=0, rclksel=4
rclkpos=0, rclksel=5
rclkpos=0, rclksel=6
rclkpos=0, rclksel=7
rclkpos=1, rclksel=0
rclkpos=1, rclksel=1
rclkpos=1, rclksel=2
rclkpos=1, rclksel=3
rclkpos=1, rclksel=4
rclkpos=1, rclksel=5
rclkpos=1, rclksel=6
rclkpos=1, rclksel=7
rclkpos=2, rclksel=0
rclkpos=2, rclksel=1
rclkpos=2, rclksel=2
rclkpos=2, rclksel=3
rclkpos=2, rclksel=4
rclkpos=2, rclksel=5
rclkpos=2, rclksel=6
rclkpos=2, rclksel=7
rclkpos=3, rclksel=0
rclkpos=3, rclksel=1
rclkpos=3, rclksel=2
rclkpos=3, rclksel=3
rclkpos=3, rclksel=4
rclkpos=3, rclksel=5
rclkpos=3, rclksel=6
rclkpos=3, rclksel=7
rclkpos=0, rclksel=0
rclkpos=0, rclksel=1
rclkpos=0, rclksel=2
rclkpos=0, rclksel=3
rclkpos=0, rclksel=4
rclkpos=0, rclksel=5
rclkpos=0, rclksel=6
rclkpos=0, rclksel=7
rclkpos=1, rclksel=0
rclkpos=1, rclksel=1
rclkpos=1, rclksel=2
rclkpos=1, rclksel=3
rclkpos=1, rclksel=4
rclkpos=1, rclksel=5
rclkpos=1, rclksel=6
rclkpos=1, rclksel=7
rclkpos=2, rclksel=0
rclkpos=2, rclksel=1
rclkpos=2, rclksel=2
rclkpos=2, rclksel=3
rclkpos=2, rclksel=4
rclkpos=2, rclksel=5
rclkpos=2, rclksel=6
rclkpos=2, rclksel=7
rclkpos=3, rclksel=0
rclkpos=3, rclksel=1
rclkpos=3, rclksel=2
rclkpos=3, rclksel=3
rclkpos=3, rclksel=4
rclkpos=3, rclksel=5
rclkpos=3, rclksel=6
rclkpos=3, rclksel=7
rclkpos=0, rclksel=0
rclkpos=0, rclksel=1
rclkpos=0, rclksel=2
DDR3-MODEL t=200463750 refreshes=0 rfp_violations=0
rclkpos=0, rclksel=3
rclkpos=0, rclksel=4
rclkpos=0, rclksel=5
rclkpos=0, rclksel=6
rclkpos=0, rclksel=7
rclkpos=1, rclksel=0
rclkpos=1, rclksel=1
rclkpos=1, rclksel=2
rclkpos=1, rclksel=3
rclkpos=1, rclksel=4
rclkpos=1, rclksel=5
rclkpos=1, rclksel=6
rclkpos=1, rclksel=7
rclkpos=2, rclksel=0
rclkpos=2, rclksel=1
rclkpos=2, rclksel=2
rclkpos=2, rclksel=3
rclkpos=2, rclksel=4
rclkpos=2, rclksel=5
rclkpos=2, rclksel=6
rclkpos=2, rclksel=7
rclkpos=3, rclksel=0
rclkpos=3, rclksel=1
rclkpos=3, rclksel=2
rclkpos=3, rclksel=3
rclkpos=3, rclksel=4
rclkpos=3, rclksel=5
   TR fsm=1 q=7 f=0 icyc=2 qpop=0 rdy=1 needact=0 needref=0 rdpipe=01001001 rowv=1 banko=1 s_cyc=0 host=5090 recvd=5080
rclkpos=3, rclksel=6
rclkpos=3, rclksel=7
rclkpos=0, rclksel=0
rclkpos=0, rclksel=1
rclkpos=0, rclksel=2
rclkpos=0, rclksel=3
rclkpos=0, rclksel=4
rclkpos=0, rclksel=5
rclkpos=0, rclksel=6
rclkpos=0, rclksel=7
rclkpos=1, rclksel=0
rclkpos=1, rclksel=1
rclkpos=1, rclksel=2
rclkpos=1, rclksel=3
rclkpos=1, rclksel=4
rclkpos=1, rclksel=5
rclkpos=1, rclksel=6
rclkpos=1, rclksel=7
rclkpos=2, rclksel=0
rclkpos=2, rclksel=1
rclkpos=2, rclksel=2
rclkpos=2, rclksel=3
rclkpos=2, rclksel=4
rclkpos=2, rclksel=5
rclkpos=2, rclksel=6
rclkpos=2, rclksel=7
rclkpos=3, rclksel=0
rclkpos=3, rclksel=1
rclkpos=3, rclksel=2
rclkpos=3, rclksel=3
rclkpos=3, rclksel=4
rclkpos=3, rclksel=5
rclkpos=3, rclksel=6
rclkpos=3, rclksel=7
rclkpos=0, rclksel=0
rclkpos=0, rclksel=1
rclkpos=0, rclksel=2
rclkpos=0, rclksel=3
rclkpos=0, rclksel=4
rclkpos=0, rclksel=5
rclkpos=0, rclksel=6
rclkpos=0, rclksel=7
rclkpos=1, rclksel=0
rclkpos=1, rclksel=1
rclkpos=1, rclksel=2
rclkpos=1, rclksel=3
rclkpos=1, rclksel=4
rclkpos=1, rclksel=5
rclkpos=1, rclksel=6
rclkpos=1, rclksel=7
rclkpos=2, rclksel=0
rclkpos=2, rclksel=1
rclkpos=2, rclksel=2
rclkpos=2, rclksel=3
rclkpos=2, rclksel=4
rclkpos=2, rclksel=5
rclkpos=2, rclksel=6
rclkpos=2, rclksel=7
rclkpos=3, rclksel=0
rclkpos=3, rclksel=1
rclkpos=3, rclksel=2
rclkpos=3, rclksel=3
rclkpos=3, rclksel=4
rclkpos=3, rclksel=5
rclkpos=3, rclksel=6
rclkpos=3, rclksel=7
rclkpos=0, rclksel=0
rclkpos=0, rclksel=1
rclkpos=0, rclksel=2
rclkpos=0, rclksel=3
rclkpos=0, rclksel=4
rclkpos=0, rclksel=5
rclkpos=0, rclksel=6
rclkpos=0, rclksel=7
rclkpos=1, rclksel=0
rclkpos=1, rclksel=1
rclkpos=1, rclksel=2
rclkpos=1, rclksel=3
rclkpos=1, rclksel=4
rclkpos=1, rclksel=5
rclkpos=1, rclksel=6
rclkpos=1, rclksel=7
rclkpos=2, rclksel=0
rclkpos=2, rclksel=1
rclkpos=2, rclksel=2
rclkpos=2, rclksel=3
rclkpos=2, rclksel=4
rclkpos=2, rclksel=5
rclkpos=2, rclksel=6
rclkpos=2, rclksel=7
rclkpos=3, rclksel=0
rclkpos=3, rclksel=1
rclkpos=3, rclksel=2
rclkpos=3, rclksel=3
rclkpos=3, rclksel=4
rclkpos=3, rclksel=5
rclkpos=3, rclksel=6
rclkpos=3, rclksel=7
rclkpos=0, rclksel=0
rclkpos=0, rclksel=1
rclkpos=0, rclksel=2
rclkpos=0, rclksel=3
rclkpos=0, rclksel=4
rclkpos=0, rclksel=5
rclkpos=0, rclksel=6
rclkpos=0, rclksel=7
rclkpos=1, rclksel=0
rclkpos=1, rclksel=1
rclkpos=1, rclksel=2
rclkpos=1, rclksel=3
rclkpos=1, rclksel=4
rclkpos=1, rclksel=5
rclkpos=1, rclksel=6
rclkpos=1, rclksel=7
rclkpos=2, rclksel=0
rclkpos=2, rclksel=1
rclkpos=2, rclksel=2
rclkpos=2, rclksel=3
rclkpos=2, rclksel=4
rclkpos=2, rclksel=5
rclkpos=2, rclksel=6
rclkpos=2, rclksel=7
rclkpos=3, rclksel=0
rclkpos=3, rclksel=1
rclkpos=3, rclksel=2
rclkpos=3, rclksel=3
rclkpos=3, rclksel=4
rclkpos=3, rclksel=5
rclkpos=3, rclksel=6
rclkpos=3, rclksel=7
rclkpos=0, rclksel=0
rclkpos=0, rclksel=1
rclkpos=0, rclksel=2
rclkpos=0, rclksel=3
rclkpos=0, rclksel=4
rclkpos=0, rclksel=5
rclkpos=0, rclksel=6
rclkpos=0, rclksel=7
rclkpos=1, rclksel=0
rclkpos=1, rclksel=1
rclkpos=1, rclksel=2
rclkpos=1, rclksel=3
rclkpos=1, rclksel=4
rclkpos=1, rclksel=5
rclkpos=1, rclksel=6
rclkpos=1, rclksel=7
rclkpos=2, rclksel=0
rclkpos=2, rclksel=1
rclkpos=2, rclksel=2
rclkpos=2, rclksel=3
rclkpos=2, rclksel=4
rclkpos=2, rclksel=5
rclkpos=2, rclksel=6
rclkpos=2, rclksel=7
rclkpos=3, rclksel=0
rclkpos=3, rclksel=1
rclkpos=3, rclksel=2
rclkpos=3, rclksel=3
rclkpos=3, rclksel=4
rclkpos=3, rclksel=5
rclkpos=3, rclksel=6
rclkpos=3, rclksel=7
rclkpos=0, rclksel=0
rclkpos=0, rclksel=1
rclkpos=0, rclksel=2
rclkpos=0, rclksel=3
rclkpos=0, rclksel=4
rclkpos=0, rclksel=5
rclkpos=0, rclksel=6
rclkpos=0, rclksel=7
rclkpos=1, rclksel=0
rclkpos=1, rclksel=1
rclkpos=1, rclksel=2
rclkpos=1, rclksel=3
rclkpos=1, rclksel=4
rclkpos=1, rclksel=5
rclkpos=1, rclksel=6
rclkpos=1, rclksel=7
rclkpos=2, rclksel=0
rclkpos=2, rclksel=1
rclkpos=2, rclksel=2
   TR fsm=1 q=8 f=1 icyc=0 qpop=1 rdy=0 needact=0 needref=0 rdpipe=00100100 rowv=1 banko=1 s_cyc=0 host=5732 recvd=5721
rclkpos=2, rclksel=3
rclkpos=2, rclksel=4
rclkpos=2, rclksel=5
rclkpos=2, rclksel=6
rclkpos=2, rclksel=7
rclkpos=3, rclksel=0
rclkpos=3, rclksel=1
rclkpos=3, rclksel=2
rclkpos=3, rclksel=3
rclkpos=3, rclksel=4
rclkpos=3, rclksel=5
rclkpos=3, rclksel=6
rclkpos=3, rclksel=7
rclkpos=0, rclksel=0
rclkpos=0, rclksel=1
rclkpos=0, rclksel=2
rclkpos=0, rclksel=3
rclkpos=0, rclksel=4
rclkpos=0, rclksel=5
rclkpos=0, rclksel=6
rclkpos=0, rclksel=7
rclkpos=1, rclksel=0
rclkpos=1, rclksel=1
rclkpos=1, rclksel=2
rclkpos=1, rclksel=3
rclkpos=1, rclksel=4
rclkpos=1, rclksel=5
rclkpos=1, rclksel=6
rclkpos=1, rclksel=7
rclkpos=2, rclksel=0
rclkpos=2, rclksel=1
rclkpos=2, rclksel=2
rclkpos=2, rclksel=3
rclkpos=2, rclksel=4
rclkpos=2, rclksel=5
rclkpos=2, rclksel=6
rclkpos=2, rclksel=7
rclkpos=3, rclksel=0
rclkpos=3, rclksel=1
rclkpos=3, rclksel=2
rclkpos=3, rclksel=3
rclkpos=3, rclksel=4
rclkpos=3, rclksel=5
rclkpos=3, rclksel=6
rclkpos=3, rclksel=7
rclkpos=0, rclksel=0
rclkpos=0, rclksel=1
rclkpos=0, rclksel=2
rclkpos=0, rclksel=3
rclkpos=0, rclksel=4
rclkpos=0, rclksel=5
rclkpos=0, rclksel=6
rclkpos=0, rclksel=7
rclkpos=1, rclksel=0
rclkpos=1, rclksel=1
rclkpos=1, rclksel=2
rclkpos=1, rclksel=3
rclkpos=1, rclksel=4
rclkpos=1, rclksel=5
rclkpos=1, rclksel=6
rclkpos=1, rclksel=7
rclkpos=2, rclksel=0
rclkpos=2, rclksel=1
rclkpos=2, rclksel=2
rclkpos=2, rclksel=3
rclkpos=2, rclksel=4
rclkpos=2, rclksel=5
rclkpos=2, rclksel=6
rclkpos=2, rclksel=7
rclkpos=3, rclksel=0
rclkpos=3, rclksel=1
rclkpos=3, rclksel=2
rclkpos=3, rclksel=3
rclkpos=3, rclksel=4
rclkpos=3, rclksel=5
rclkpos=3, rclksel=6
rclkpos=3, rclksel=7
rclkpos=0, rclksel=0
rclkpos=0, rclksel=1
rclkpos=0, rclksel=2
rclkpos=0, rclksel=3
rclkpos=0, rclksel=4
rclkpos=0, rclksel=5
rclkpos=0, rclksel=6
rclkpos=0, rclksel=7
rclkpos=1, rclksel=0
rclkpos=1, rclksel=1
rclkpos=1, rclksel=2
rclkpos=1, rclksel=3
rclkpos=1, rclksel=4
rclkpos=1, rclksel=5
rclkpos=1, rclksel=6
rclkpos=1, rclksel=7
rclkpos=2, rclksel=0
rclkpos=2, rclksel=1
rclkpos=2, rclksel=2
rclkpos=2, rclksel=3
rclkpos=2, rclksel=4
rclkpos=2, rclksel=5
rclkpos=2, rclksel=6
rclkpos=2, rclksel=7
rclkpos=3, rclksel=0
rclkpos=3, rclksel=1
rclkpos=3, rclksel=2
rclkpos=3, rclksel=3
rclkpos=3, rclksel=4
rclkpos=3, rclksel=5
rclkpos=3, rclksel=6
rclkpos=3, rclksel=7
rclkpos=0, rclksel=0
rclkpos=0, rclksel=1
rclkpos=0, rclksel=2
rclkpos=0, rclksel=3
rclkpos=0, rclksel=4
rclkpos=0, rclksel=5
rclkpos=0, rclksel=6
rclkpos=0, rclksel=7
rclkpos=1, rclksel=0
rclkpos=1, rclksel=1
rclkpos=1, rclksel=2
rclkpos=1, rclksel=3
rclkpos=1, rclksel=4
rclkpos=1, rclksel=5
rclkpos=1, rclksel=6
rclkpos=1, rclksel=7
rclkpos=2, rclksel=0
rclkpos=2, rclksel=1
rclkpos=2, rclksel=2
rclkpos=2, rclksel=3
rclkpos=2, rclksel=4
rclkpos=2, rclksel=5
rclkpos=2, rclksel=6
rclkpos=2, rclksel=7
rclkpos=3, rclksel=0
rclkpos=3, rclksel=1
rclkpos=3, rclksel=2
rclkpos=3, rclksel=3
rclkpos=3, rclksel=4
rclkpos=3, rclksel=5
rclkpos=3, rclksel=6
rclkpos=3, rclksel=7
rclkpos=0, rclksel=0
rclkpos=0, rclksel=1
rclkpos=0, rclksel=2
rclkpos=0, rclksel=3
rclkpos=0, rclksel=4
rclkpos=0, rclksel=5
rclkpos=0, rclksel=6
rclkpos=0, rclksel=7
rclkpos=1, rclksel=0
rclkpos=1, rclksel=1
rclkpos=1, rclksel=2
rclkpos=1, rclksel=3
rclkpos=1, rclksel=4
rclkpos=1, rclksel=5
rclkpos=1, rclksel=6
rclkpos=1, rclksel=7
rclkpos=2, rclksel=0
rclkpos=2, rclksel=1
rclkpos=2, rclksel=2
rclkpos=2, rclksel=3
rclkpos=2, rclksel=4
rclkpos=2, rclksel=5
rclkpos=2, rclksel=6
rclkpos=2, rclksel=7
rclkpos=3, rclksel=0
rclkpos=3, rclksel=1
rclkpos=3, rclksel=2
rclkpos=3, rclksel=3
rclkpos=3, rclksel=4
rclkpos=3, rclksel=5
rclkpos=3, rclksel=6
rclkpos=3, rclksel=7
rclkpos=0, rclksel=0
rclkpos=0, rclksel=1
rclkpos=0, rclksel=2
rclkpos=0, rclksel=3
rclkpos=0, rclksel=4
rclkpos=0, rclksel=5
rclkpos=0, rclksel=6
rclkpos=0, rclksel=7
rclkpos=1, rclksel=0
   TR fsm=1 q=8 f=0 icyc=1 qpop=0 rdy=0 needact=0 needref=0 rdpipe=10010010 rowv=1 banko=1 s_cyc=0 host=6364 recvd=6353
rclkpos=1, rclksel=1
rclkpos=1, rclksel=2
rclkpos=1, rclksel=3
rclkpos=1, rclksel=4
rclkpos=1, rclksel=5
rclkpos=1, rclksel=6
rclkpos=1, rclksel=7
rclkpos=2, rclksel=0
rclkpos=2, rclksel=1
rclkpos=2, rclksel=2
rclkpos=2, rclksel=3
rclkpos=2, rclksel=4
rclkpos=2, rclksel=5
rclkpos=2, rclksel=6
rclkpos=2, rclksel=7
rclkpos=3, rclksel=0
rclkpos=3, rclksel=1
rclkpos=3, rclksel=2
rclkpos=3, rclksel=3
rclkpos=3, rclksel=4
rclkpos=3, rclksel=5
rclkpos=3, rclksel=6
rclkpos=3, rclksel=7
rclkpos=0, rclksel=0
rclkpos=0, rclksel=1
rclkpos=0, rclksel=2
rclkpos=0, rclksel=3
rclkpos=0, rclksel=4
rclkpos=0, rclksel=5
rclkpos=0, rclksel=6
rclkpos=0, rclksel=7
rclkpos=1, rclksel=0
rclkpos=1, rclksel=1
rclkpos=1, rclksel=2
rclkpos=1, rclksel=3
rclkpos=1, rclksel=4
rclkpos=1, rclksel=5
rclkpos=1, rclksel=6
rclkpos=1, rclksel=7
rclkpos=2, rclksel=0
rclkpos=2, rclksel=1
rclkpos=2, rclksel=2
rclkpos=2, rclksel=3
rclkpos=2, rclksel=4
rclkpos=2, rclksel=5
rclkpos=2, rclksel=6
rclkpos=2, rclksel=7
rclkpos=3, rclksel=0
rclkpos=3, rclksel=1
rclkpos=3, rclksel=2
rclkpos=3, rclksel=3
rclkpos=3, rclksel=4
rclkpos=3, rclksel=5
rclkpos=3, rclksel=6
rclkpos=3, rclksel=7
rclkpos=0, rclksel=0
rclkpos=0, rclksel=1
rclkpos=0, rclksel=2
rclkpos=0, rclksel=3
rclkpos=0, rclksel=4
rclkpos=0, rclksel=5
rclkpos=0, rclksel=6
rclkpos=0, rclksel=7
rclkpos=1, rclksel=0
rclkpos=1, rclksel=1
DDR3-MODEL t=250463750 refreshes=0 rfp_violations=0
rclkpos=1, rclksel=2
rclkpos=1, rclksel=3
rclkpos=1, rclksel=4
rclkpos=1, rclksel=5
rclkpos=1, rclksel=6
rclkpos=1, rclksel=7
rclkpos=2, rclksel=0
rclkpos=2, rclksel=1
rclkpos=2, rclksel=2
rclkpos=2, rclksel=3
rclkpos=2, rclksel=4
rclkpos=2, rclksel=5
rclkpos=2, rclksel=6
rclkpos=2, rclksel=7
rclkpos=3, rclksel=0
rclkpos=3, rclksel=1
rclkpos=3, rclksel=2
rclkpos=3, rclksel=3
rclkpos=3, rclksel=4
rclkpos=3, rclksel=5
rclkpos=3, rclksel=6
rclkpos=3, rclksel=7
rclkpos=0, rclksel=0
rclkpos=0, rclksel=1
rclkpos=0, rclksel=2
rclkpos=0, rclksel=3
rclkpos=0, rclksel=4
rclkpos=0, rclksel=5
rclkpos=0, rclksel=6
rclkpos=0, rclksel=7
rclkpos=1, rclksel=0
rclkpos=1, rclksel=1
rclkpos=1, rclksel=2
rclkpos=1, rclksel=3
rclkpos=1, rclksel=4
rclkpos=1, rclksel=5
rclkpos=1, rclksel=6
rclkpos=1, rclksel=7
rclkpos=2, rclksel=0
rclkpos=2, rclksel=1
rclkpos=2, rclksel=2
rclkpos=2, rclksel=3
rclkpos=2, rclksel=4
rclkpos=2, rclksel=5
rclkpos=2, rclksel=6
rclkpos=2, rclksel=7
rclkpos=3, rclksel=0
rclkpos=3, rclksel=1
rclkpos=3, rclksel=2
rclkpos=3, rclksel=3
rclkpos=3, rclksel=4
rclkpos=3, rclksel=5
rclkpos=3, rclksel=6
rclkpos=3, rclksel=7
rclkpos=0, rclksel=0
rclkpos=0, rclksel=1
rclkpos=0, rclksel=2
rclkpos=0, rclksel=3
rclkpos=0, rclksel=4
rclkpos=0, rclksel=5
rclkpos=0, rclksel=6
rclkpos=0, rclksel=7
rclkpos=1, rclksel=0
rclkpos=1, rclksel=1
rclkpos=1, rclksel=2
rclkpos=1, rclksel=3
rclkpos=1, rclksel=4
rclkpos=1, rclksel=5
rclkpos=1, rclksel=6
rclkpos=1, rclksel=7
rclkpos=2, rclksel=0
rclkpos=2, rclksel=1
rclkpos=2, rclksel=2
rclkpos=2, rclksel=3
rclkpos=2, rclksel=4
rclkpos=2, rclksel=5
rclkpos=2, rclksel=6
rclkpos=2, rclksel=7
rclkpos=3, rclksel=0
rclkpos=3, rclksel=1
rclkpos=3, rclksel=2
rclkpos=3, rclksel=3
rclkpos=3, rclksel=4
rclkpos=3, rclksel=5
rclkpos=3, rclksel=6
rclkpos=3, rclksel=7
rclkpos=0, rclksel=0
rclkpos=0, rclksel=1
rclkpos=0, rclksel=2
rclkpos=0, rclksel=3
rclkpos=0, rclksel=4
rclkpos=0, rclksel=5
rclkpos=0, rclksel=6
rclkpos=0, rclksel=7
rclkpos=1, rclksel=0
rclkpos=1, rclksel=1
rclkpos=1, rclksel=2
rclkpos=1, rclksel=3
rclkpos=1, rclksel=4
rclkpos=1, rclksel=5
rclkpos=1, rclksel=6
rclkpos=1, rclksel=7
rclkpos=2, rclksel=0
rclkpos=2, rclksel=1
rclkpos=2, rclksel=2
rclkpos=2, rclksel=3
rclkpos=2, rclksel=4
rclkpos=2, rclksel=5
rclkpos=2, rclksel=6
rclkpos=2, rclksel=7
rclkpos=3, rclksel=0
rclkpos=3, rclksel=1
rclkpos=3, rclksel=2
rclkpos=3, rclksel=3
rclkpos=3, rclksel=4
rclkpos=3, rclksel=5
rclkpos=3, rclksel=6
   TR fsm=1 q=7 f=0 icyc=2 qpop=0 rdy=1 needact=0 needref=0 rdpipe=01001001 rowv=1 banko=1 s_cyc=0 host=7005 recvd=6995
rclkpos=3, rclksel=7
rclkpos=0, rclksel=0
rclkpos=0, rclksel=1
rclkpos=0, rclksel=2
rclkpos=0, rclksel=3
rclkpos=0, rclksel=4
rclkpos=0, rclksel=5
rclkpos=0, rclksel=6
rclkpos=0, rclksel=7
rclkpos=1, rclksel=0
rclkpos=1, rclksel=1
rclkpos=1, rclksel=2
rclkpos=1, rclksel=3
rclkpos=1, rclksel=4
rclkpos=1, rclksel=5
rclkpos=1, rclksel=6
rclkpos=1, rclksel=7
rclkpos=2, rclksel=0
rclkpos=2, rclksel=1
rclkpos=2, rclksel=2
rclkpos=2, rclksel=3
rclkpos=2, rclksel=4
rclkpos=2, rclksel=5
rclkpos=2, rclksel=6
rclkpos=2, rclksel=7
rclkpos=3, rclksel=0
rclkpos=3, rclksel=1
rclkpos=3, rclksel=2
rclkpos=3, rclksel=3
rclkpos=3, rclksel=4
rclkpos=3, rclksel=5
rclkpos=3, rclksel=6
rclkpos=3, rclksel=7
rclkpos=0, rclksel=0
rclkpos=0, rclksel=1
rclkpos=0, rclksel=2
rclkpos=0, rclksel=3
rclkpos=0, rclksel=4
rclkpos=0, rclksel=5
rclkpos=0, rclksel=6
rclkpos=0, rclksel=7
rclkpos=1, rclksel=0
rclkpos=1, rclksel=1
rclkpos=1, rclksel=2
rclkpos=1, rclksel=3
rclkpos=1, rclksel=4
rclkpos=1, rclksel=5
rclkpos=1, rclksel=6
rclkpos=1, rclksel=7
rclkpos=2, rclksel=0
rclkpos=2, rclksel=1
rclkpos=2, rclksel=2
rclkpos=2, rclksel=3
rclkpos=2, rclksel=4
rclkpos=2, rclksel=5
rclkpos=2, rclksel=6
rclkpos=2, rclksel=7
rclkpos=3, rclksel=0
rclkpos=3, rclksel=1
rclkpos=3, rclksel=2
rclkpos=3, rclksel=3
rclkpos=3, rclksel=4
rclkpos=3, rclksel=5
rclkpos=3, rclksel=6
rclkpos=3, rclksel=7
rclkpos=0, rclksel=0
rclkpos=0, rclksel=1
rclkpos=0, rclksel=2
rclkpos=0, rclksel=3
rclkpos=0, rclksel=4
rclkpos=0, rclksel=5
rclkpos=0, rclksel=6
rclkpos=0, rclksel=7
rclkpos=1, rclksel=0
rclkpos=1, rclksel=1
rclkpos=1, rclksel=2
rclkpos=1, rclksel=3
rclkpos=1, rclksel=4
rclkpos=1, rclksel=5
rclkpos=1, rclksel=6
rclkpos=1, rclksel=7
rclkpos=2, rclksel=0
rclkpos=2, rclksel=1
rclkpos=2, rclksel=2
rclkpos=2, rclksel=3
rclkpos=2, rclksel=4
rclkpos=2, rclksel=5
rclkpos=2, rclksel=6
rclkpos=2, rclksel=7
rclkpos=3, rclksel=0
rclkpos=3, rclksel=1
rclkpos=3, rclksel=2
rclkpos=3, rclksel=3
rclkpos=3, rclksel=4
rclkpos=3, rclksel=5
rclkpos=3, rclksel=6
rclkpos=3, rclksel=7
rclkpos=0, rclksel=0
rclkpos=0, rclksel=1
rclkpos=0, rclksel=2
rclkpos=0, rclksel=3
rclkpos=0, rclksel=4
rclkpos=0, rclksel=5
rclkpos=0, rclksel=6
rclkpos=0, rclksel=7
rclkpos=1, rclksel=0
rclkpos=1, rclksel=1
rclkpos=1, rclksel=2
rclkpos=1, rclksel=3
rclkpos=1, rclksel=4
rclkpos=1, rclksel=5
rclkpos=1, rclksel=6
rclkpos=1, rclksel=7
rclkpos=2, rclksel=0
rclkpos=2, rclksel=1
rclkpos=2, rclksel=2
rclkpos=2, rclksel=3
rclkpos=2, rclksel=4
rclkpos=2, rclksel=5
rclkpos=2, rclksel=6
rclkpos=2, rclksel=7
rclkpos=3, rclksel=0
rclkpos=3, rclksel=1
rclkpos=3, rclksel=2
rclkpos=3, rclksel=3
rclkpos=3, rclksel=4
rclkpos=3, rclksel=5
rclkpos=3, rclksel=6
rclkpos=3, rclksel=7
rclkpos=0, rclksel=0
rclkpos=0, rclksel=1
rclkpos=0, rclksel=2
rclkpos=0, rclksel=3
rclkpos=0, rclksel=4
rclkpos=0, rclksel=5
rclkpos=0, rclksel=6
rclkpos=0, rclksel=7
rclkpos=1, rclksel=0
rclkpos=1, rclksel=1
rclkpos=1, rclksel=2
rclkpos=1, rclksel=3
rclkpos=1, rclksel=4
rclkpos=1, rclksel=5
rclkpos=1, rclksel=6
rclkpos=1, rclksel=7
rclkpos=2, rclksel=0
rclkpos=2, rclksel=1
rclkpos=2, rclksel=2
rclkpos=2, rclksel=3
rclkpos=2, rclksel=4
rclkpos=2, rclksel=5
rclkpos=2, rclksel=6
rclkpos=2, rclksel=7
rclkpos=3, rclksel=0
rclkpos=3, rclksel=1
rclkpos=3, rclksel=2
rclkpos=3, rclksel=3
rclkpos=3, rclksel=4
rclkpos=3, rclksel=5
rclkpos=3, rclksel=6
rclkpos=3, rclksel=7
rclkpos=0, rclksel=0
rclkpos=0, rclksel=1
rclkpos=0, rclksel=2
rclkpos=0, rclksel=3
rclkpos=0, rclksel=4
rclkpos=0, rclksel=5
rclkpos=0, rclksel=6
rclkpos=0, rclksel=7
rclkpos=1, rclksel=0
rclkpos=1, rclksel=1
rclkpos=1, rclksel=2
rclkpos=1, rclksel=3
rclkpos=1, rclksel=4
rclkpos=1, rclksel=5
rclkpos=1, rclksel=6
rclkpos=1, rclksel=7
rclkpos=2, rclksel=0
rclkpos=2, rclksel=1
rclkpos=2, rclksel=2
rclkpos=2, rclksel=3
rclkpos=2, rclksel=4
   TR fsm=1 q=8 f=1 icyc=0 qpop=1 rdy=0 needact=0 needref=0 rdpipe=00100100 rowv=1 banko=1 s_cyc=0 host=7637 recvd=7626
rclkpos=2, rclksel=5
rclkpos=2, rclksel=6
rclkpos=2, rclksel=7
rclkpos=3, rclksel=0
rclkpos=3, rclksel=1
rclkpos=3, rclksel=2
rclkpos=3, rclksel=3
rclkpos=3, rclksel=4
rclkpos=3, rclksel=5
rclkpos=3, rclksel=6
rclkpos=3, rclksel=7
rclkpos=0, rclksel=0
rclkpos=0, rclksel=1
rclkpos=0, rclksel=2
rclkpos=0, rclksel=3
rclkpos=0, rclksel=4
rclkpos=0, rclksel=5
rclkpos=0, rclksel=6
rclkpos=0, rclksel=7
rclkpos=1, rclksel=0
rclkpos=1, rclksel=1
rclkpos=1, rclksel=2
rclkpos=1, rclksel=3
rclkpos=1, rclksel=4
rclkpos=1, rclksel=5
rclkpos=1, rclksel=6
rclkpos=1, rclksel=7
rclkpos=2, rclksel=0
rclkpos=2, rclksel=1
rclkpos=2, rclksel=2
rclkpos=2, rclksel=3
rclkpos=2, rclksel=4
rclkpos=2, rclksel=5
rclkpos=2, rclksel=6
rclkpos=2, rclksel=7
rclkpos=3, rclksel=0
rclkpos=3, rclksel=1
rclkpos=3, rclksel=2
rclkpos=3, rclksel=3
rclkpos=3, rclksel=4
rclkpos=3, rclksel=5
rclkpos=3, rclksel=6
rclkpos=3, rclksel=7
rclkpos=0, rclksel=0
rclkpos=0, rclksel=1
rclkpos=0, rclksel=2
rclkpos=0, rclksel=3
rclkpos=0, rclksel=4
rclkpos=0, rclksel=5
rclkpos=0, rclksel=6
rclkpos=0, rclksel=7
rclkpos=1, rclksel=0
rclkpos=1, rclksel=1
rclkpos=1, rclksel=2
rclkpos=1, rclksel=3
rclkpos=1, rclksel=4
rclkpos=1, rclksel=5
rclkpos=1, rclksel=6
rclkpos=1, rclksel=7
rclkpos=2, rclksel=0
rclkpos=2, rclksel=1
rclkpos=2, rclksel=2
rclkpos=2, rclksel=3
rclkpos=2, rclksel=4
rclkpos=2, rclksel=5
rclkpos=2, rclksel=6
rclkpos=2, rclksel=7
rclkpos=3, rclksel=0
rclkpos=3, rclksel=1
rclkpos=3, rclksel=2
rclkpos=3, rclksel=3
rclkpos=3, rclksel=4
rclkpos=3, rclksel=5
rclkpos=3, rclksel=6
rclkpos=3, rclksel=7
rclkpos=0, rclksel=0
rclkpos=0, rclksel=1
rclkpos=0, rclksel=2
rclkpos=0, rclksel=3
rclkpos=0, rclksel=4
rclkpos=0, rclksel=5
rclkpos=0, rclksel=6
rclkpos=0, rclksel=7
rclkpos=1, rclksel=0
rclkpos=1, rclksel=1
rclkpos=1, rclksel=2
rclkpos=1, rclksel=3
rclkpos=1, rclksel=4
rclkpos=1, rclksel=5
rclkpos=1, rclksel=6
rclkpos=1, rclksel=7
rclkpos=2, rclksel=0
rclkpos=2, rclksel=1
rclkpos=2, rclksel=2
rclkpos=2, rclksel=3
rclkpos=2, rclksel=4
rclkpos=2, rclksel=5
rclkpos=2, rclksel=6
rclkpos=2, rclksel=7
rclkpos=3, rclksel=0
rclkpos=3, rclksel=1
rclkpos=3, rclksel=2
rclkpos=3, rclksel=3
rclkpos=3, rclksel=4
rclkpos=3, rclksel=5
rclkpos=3, rclksel=6
rclkpos=3, rclksel=7
rclkpos=0, rclksel=0
rclkpos=0, rclksel=1
rclkpos=0, rclksel=2
rclkpos=0, rclksel=3
rclkpos=0, rclksel=4
rclkpos=0, rclksel=5
rclkpos=0, rclksel=6
rclkpos=0, rclksel=7
rclkpos=1, rclksel=0
rclkpos=1, rclksel=1
rclkpos=1, rclksel=2
rclkpos=1, rclksel=3
rclkpos=1, rclksel=4
rclkpos=1, rclksel=5
rclkpos=1, rclksel=6
rclkpos=1, rclksel=7
rclkpos=2, rclksel=0
rclkpos=2, rclksel=1
rclkpos=2, rclksel=2
rclkpos=2, rclksel=3
rclkpos=2, rclksel=4
rclkpos=2, rclksel=5
rclkpos=2, rclksel=6
rclkpos=2, rclksel=7
rclkpos=3, rclksel=0
rclkpos=3, rclksel=1
rclkpos=3, rclksel=2
rclkpos=3, rclksel=3
rclkpos=3, rclksel=4
rclkpos=3, rclksel=5
rclkpos=3, rclksel=6
rclkpos=3, rclksel=7
rclkpos=0, rclksel=0
rclkpos=0, rclksel=1
rclkpos=0, rclksel=2
rclkpos=0, rclksel=3
rclkpos=0, rclksel=4
rclkpos=0, rclksel=5
rclkpos=0, rclksel=6
rclkpos=0, rclksel=7
rclkpos=1, rclksel=0
rclkpos=1, rclksel=1
rclkpos=1, rclksel=2
rclkpos=1, rclksel=3
rclkpos=1, rclksel=4
rclkpos=1, rclksel=5
rclkpos=1, rclksel=6
rclkpos=1, rclksel=7
DDR3-MODEL t=300463750 refreshes=0 rfp_violations=0
rclkpos=2, rclksel=0
rclkpos=2, rclksel=1
rclkpos=2, rclksel=2
rclkpos=2, rclksel=3
rclkpos=2, rclksel=4
rclkpos=2, rclksel=5
rclkpos=2, rclksel=6
rclkpos=2, rclksel=7
rclkpos=3, rclksel=0
rclkpos=3, rclksel=1
rclkpos=3, rclksel=2
rclkpos=3, rclksel=3
rclkpos=3, rclksel=4
rclkpos=3, rclksel=5
rclkpos=3, rclksel=6
rclkpos=3, rclksel=7
rclkpos=0, rclksel=0
rclkpos=0, rclksel=1
rclkpos=0, rclksel=2
rclkpos=0, rclksel=3
rclkpos=0, rclksel=4
UART|MEAS1 00000062 00000000 00000000 00000000
UART|MEAS2 00000062 00000000 00000000 00000000
UART|MEAS3 00000062 00000000 00000000 00000000
UART|MEAS4 000065b1 00000000 00002000 00000189
RB-BENCH on-chip: pclk=25935 cmds=8192 refreshes=393
RB-BENCH pclk_per_command=3.1659  (ISSUE_PCLK design point 3; 4 would be 398.25 MB/s and FAIL the 400 MB/s bar)
RB-BENCH host  : pclk=25934 issued=8192 recvd=8192
RB-BENCH cmd counts agree
RB-BENCH responses returned=8192 of 8192
RB-BENCH engine: fsm=0 eng_ready=1 q_count=0 f_count=0 need_act=0 need_ref=0 row_valid=1 bank_open=1 row_open=003f bank_now=0 i_cycle=2 s_cycle=0 fast_mode=1
tb_rb.v:237: $finish called at 302745000 (1ps)
